$ bun run --filter '*' typecheck
backend typecheck: Exited with code 0
web typecheck: src/app/[locale]/(public)/events/[id]/apply/page.tsx(119,5): error TS2322: Type 'unknown' is not assignable to type '({ id: string; eventId: string; createdById: string; type: string; paymentMethod: string; attended: boolean; createdAt: string; updatedAt: string; createdBy: { id: string; name: string; email: string; callsign: string | null; image: string | null; } | null; invitedUsers: { ...; }[]; invitedUsersNotOnApp: { ...; }[];...'.
web typecheck: src/app/[locale]/(public)/events/[id]/apply/page.tsx(122,5): error TS2322: Type '{ id: string; name: string; location: string | null; latitude: number | null; longitude: number | null; description: string | null; dateFounded: string | null; slug: string | null; ... 23 more ...; headerImage: string | null; }[]' is not assignable to type '{ id: string; name: string; location: string | null; latitude: number | null; longitude: number | null; description: string | null; dateFounded: string | null; slug: string | null; ... 24 more ...; _count: { ...; }; }[]'.
web typecheck:   Property '_count' is missing in type '{ id: string; name: string; location: string | null; latitude: number | null; longitude: number | null; description: string | null; dateFounded: string | null; slug: string | null; ... 23 more ...; headerImage: string | null; }' but required in type '{ id: string; name: string; location: string | null; latitude: number | null; longitude: number | null; description: string | null; dateFounded: string | null; slug: string | null; ... 24 more ...; _count: { ...; }; }'.
web typecheck: src/app/[locale]/(public)/events/[id]/page.tsx(143,19): error TS2322: Type '{ _count: { eventRegistration: number; }; rules: { createdAt: Date; updatedAt: Date; id: string; name: string; description: string | null; content: string; clubId: string; eventId: string | null; }[]; ... 25 more ...; hasPrizes: boolean; }' is not assignable to type '{ id: string; name: string; description: string; clubId: string; image: string | null; slug: string | null; dateStart: string; dateEnd: string; dateRegistrationsClose: string; dateRegistrationsOpen: string; ... 14 more ...; updatedAt: string; } & { ...; }'.
web typecheck:   Type '{ _count: { eventRegistration: number; }; rules: { createdAt: Date; updatedAt: Date; id: string; name: string; description: string | null; content: string; clubId: string; eventId: string | null; }[]; ... 25 more ...; hasPrizes: boolean; }' is not assignable to type '{ id: string; name: string; description: string; clubId: string; image: string | null; slug: string | null; dateStart: string; dateEnd: string; dateRegistrationsClose: string; dateRegistrationsOpen: string; ... 14 more ...; updatedAt: string; }'.
web typecheck:     Types of property 'dateStart' are incompatible.
web typecheck:       Type 'Date' is not assignable to type 'string'.
web typecheck: src/app/[locale]/(public)/events/[id]/page.tsx(165,40): error TS2339: Property 'name' does not exist on type '{ event: { id: string; name: string; description: string; clubId: string; image: string | null; slug: string | null; dateStart: string; dateEnd: string; dateRegistrationsClose: string; dateRegistrationsOpen: string; ... 14 more ...; updatedAt: string; }; club: { ...; } | null; registrationCount: number; }'.
web typecheck: src/app/[locale]/(public)/events/[id]/page.tsx(166,12): error TS2339: Property 'description' does not exist on type '{ event: { id: string; name: string; description: string; clubId: string; image: string | null; slug: string | null; dateStart: string; dateEnd: string; dateRegistrationsClose: string; dateRegistrationsOpen: string; ... 14 more ...; updatedAt: string; }; club: { ...; } | null; registrationCount: number; }'.
web typecheck: src/app/[locale]/(public)/events/[id]/page.tsx(167,47): error TS2339: Property 'description' does not exist on type '{ event: { id: string; name: string; description: string; clubId: string; image: string | null; slug: string | null; dateStart: string; dateEnd: string; dateRegistrationsClose: string; dateRegistrationsOpen: string; ... 14 more ...; updatedAt: string; }; club: { ...; } | null; registrationCount: number; }'.
web typecheck: src/app/[locale]/(public)/events/[id]/page.tsx(169,48): error TS2339: Property 'dateStart' does not exist on type '{ event: { id: string; name: string; description: string; clubId: string; image: string | null; slug: string | null; dateStart: string; dateEnd: string; dateRegistrationsClose: string; dateRegistrationsOpen: string; ... 14 more ...; updatedAt: string; }; club: { ...; } | null; registrationCount: number; }'.
web typecheck: src/app/[locale]/(public)/events/[id]/page.tsx(170,13): error TS2339: Property 'image' does not exist on type '{ event: { id: string; name: string; description: string; clubId: string; image: string | null; slug: string | null; dateStart: string; dateEnd: string; dateRegistrationsClose: string; dateRegistrationsOpen: string; ... 14 more ...; updatedAt: string; }; club: { ...; } | null; registrationCount: number; }'.
web typecheck: src/app/[locale]/(public)/events/[id]/page.tsx(171,41): error TS2339: Property 'image' does not exist on type '{ event: { id: string; name: string; description: string; clubId: string; image: string | null; slug: string | null; dateStart: string; dateEnd: string; dateRegistrationsClose: string; dateRegistrationsOpen: string; ... 14 more ...; updatedAt: string; }; club: { ...; } | null; registrationCount: number; }'.
web typecheck: src/app/[locale]/(public)/events/[id]/page.tsx(175,25): error TS2339: Property 'slug' does not exist on type '{ event: { id: string; name: string; description: string; clubId: string; image: string | null; slug: string | null; dateStart: string; dateEnd: string; dateRegistrationsClose: string; dateRegistrationsOpen: string; ... 14 more ...; updatedAt: string; }; club: { ...; } | null; registrationCount: number; }'.
web typecheck: src/app/[locale]/(public)/events/[id]/page.tsx(175,39): error TS2339: Property 'id' does not exist on type '{ event: { id: string; name: string; description: string; clubId: string; image: string | null; slug: string | null; dateStart: string; dateEnd: string; dateRegistrationsClose: string; dateRegistrationsOpen: string; ... 14 more ...; updatedAt: string; }; club: { ...; } | null; registrationCount: number; }'.
web typecheck: src/app/[locale]/(public)/events/[id]/page.tsx(183,19): error TS2339: Property 'name' does not exist on type '{ event: { id: string; name: string; description: string; clubId: string; image: string | null; slug: string | null; dateStart: string; dateEnd: string; dateRegistrationsClose: string; dateRegistrationsOpen: string; ... 14 more ...; updatedAt: string; }; club: { ...; } | null; registrationCount: number; }'.
web typecheck: src/app/[locale]/(public)/events/[id]/page.tsx(185,10): error TS2339: Property 'description' does not exist on type '{ event: { id: string; name: string; description: string; clubId: string; image: string | null; slug: string | null; dateStart: string; dateEnd: string; dateRegistrationsClose: string; dateRegistrationsOpen: string; ... 14 more ...; updatedAt: string; }; club: { ...; } | null; registrationCount: number; }'.
web typecheck: src/app/[locale]/(public)/events/[id]/page.tsx(194,11): error TS2339: Property 'id' does not exist on type '{ event: { id: string; name: string; description: string; clubId: string; image: string | null; slug: string | null; dateStart: string; dateEnd: string; dateRegistrationsClose: string; dateRegistrationsOpen: string; ... 14 more ...; updatedAt: string; }; club: { ...; } | null; registrationCount: number; }'.
web typecheck: src/app/[locale]/(public)/events/[id]/page.tsx(196,11): error TS2339: Property 'slug' does not exist on type '{ event: { id: string; name: string; description: string; clubId: string; image: string | null; slug: string | null; dateStart: string; dateEnd: string; dateRegistrationsClose: string; dateRegistrationsOpen: string; ... 14 more ...; updatedAt: string; }; club: { ...; } | null; registrationCount: number; }'.
web typecheck: src/app/[locale]/(public)/events/[id]/page.tsx(205,17): error TS2339: Property 'name' does not exist on type '{ event: { id: string; name: string; description: string; clubId: string; image: string | null; slug: string | null; dateStart: string; dateEnd: string; dateRegistrationsClose: string; dateRegistrationsOpen: string; ... 14 more ...; updatedAt: string; }; club: { ...; } | null; registrationCount: number; }'.
web typecheck: src/app/[locale]/(public)/events/page.tsx(68,14): error TS18047: 'event.dateEnd' is possibly 'null'.
web typecheck: src/app/[locale]/(public)/page.tsx(84,18): error TS2339: Property 'club' does not exist on type '{ id: string; name: string; description: string; clubId: string; image: string | null; slug: string | null; dateStart: string; dateEnd: string; dateRegistrationsClose: string; dateRegistrationsOpen: string; ... 14 more ...; updatedAt: string; }'.
web typecheck: src/app/[locale]/(public)/page.tsx(86,21): error TS2339: Property 'club' does not exist on type '{ id: string; name: string; description: string; clubId: string; image: string | null; slug: string | null; dateStart: string; dateEnd: string; dateRegistrationsClose: string; dateRegistrationsOpen: string; ... 14 more ...; updatedAt: string; }'.
web typecheck: src/app/[locale]/(public)/page.tsx(87,25): error TS2339: Property 'club' does not exist on type '{ id: string; name: string; description: string; clubId: string; image: string | null; slug: string | null; dateStart: string; dateEnd: string; dateRegistrationsClose: string; dateRegistrationsOpen: string; ... 14 more ...; updatedAt: string; }'.
web typecheck: src/app/[locale]/(public)/page.tsx(325,14): error TS2322: Type 'string | undefined' is not assignable to type 'string'.
web typecheck:   Type 'undefined' is not assignable to type 'string'.
web typecheck: src/app/[locale]/(public)/page.tsx(355,6): error TS2322: Type '{ club: { name: any; verified: any; } | null; id: string; name: string; description: string; clubId: string; image: string | null; slug: string | null; dateStart: string; dateEnd: string; dateRegistrationsClose: string; ... 15 more ...; updatedAt: string; }[]' is not assignable to type '({ id: string; name: string; description: string; clubId: string; image: string | null; slug: string | null; dateStart: string; dateEnd: string; dateRegistrationsClose: string; dateRegistrationsOpen: string; ... 14 more ...; updatedAt: string; } & { ...; })[]'.
web typecheck:   Type '{ club: { name: any; verified: any; } | null; id: string; name: string; description: string; clubId: string; image: string | null; slug: string | null; dateStart: string; dateEnd: string; ... 16 more ...; updatedAt: string; }' is not assignable to type '{ id: string; name: string; description: string; clubId: string; image: string | null; slug: string | null; dateStart: string; dateEnd: string; dateRegistrationsClose: string; dateRegistrationsOpen: string; ... 14 more ...; updatedAt: string; } & { ...; }'.
web typecheck:     Type '{ club: { name: any; verified: any; } | null; id: string; name: string; description: string; clubId: string; image: string | null; slug: string | null; dateStart: string; dateEnd: string; ... 16 more ...; updatedAt: string; }' is not assignable to type '{ club: { name: string; verified: boolean; }; image?: string | null | undefined; }'.
web typecheck:       Types of property 'club' are incompatible.
web typecheck:         Type '{ name: any; verified: any; } | null' is not assignable to type '{ name: string; verified: boolean; }'.
web typecheck:           Type 'null' is not assignable to type '{ name: string; verified: boolean; }'.
web typecheck: src/app/[locale]/(public)/page.tsx(356,6): error TS2322: Type 'string[] | undefined' is not assignable to type '{ id: string; name: string; logo: string | null; }[] | undefined'.
web typecheck:   Type 'string[]' is not assignable to type '{ id: string; name: string; logo: string | null; }[]'.
web typecheck:     Type 'string' is not assignable to type '{ id: string; name: string; logo: string | null; }'.
web typecheck: src/app/[locale]/(public)/users/page.tsx(63,20): error TS2339: Property 'role' does not exist on type '{ id: string; slug: string | null; name: string; bio: string | null; image: string | null; headerImage: string | null; location: string | null; website: string | null; callsign: string | null; ... 5 more ...; phone: string | null; }'.
web typecheck: src/app/[locale]/(public)/users/page.tsx(81,15): error TS2339: Property 'role' does not exist on type '{ id: string; slug: string | null; name: string; bio: string | null; image: string | null; headerImage: string | null; location: string | null; website: string | null; callsign: string | null; ... 5 more ...; phone: string | null; }'.
web typecheck: src/app/[locale]/dashboard/(club)/[clubId]/club/information/_components/club-info.form.tsx(266,4): error TS2322: Type 'string | Date' is not assignable to type 'Date | undefined'.
web typecheck:   Type 'string' is not assignable to type 'Date'.
web typecheck: src/app/[locale]/dashboard/(club)/[clubId]/club/information/_components/club-info.form.tsx(554,39): error TS2345: Argument of type '(values: { name: string; countryId: number; location: string; description: string; dateFounded: Date; latitude?: number | undefined; longitude?: number | undefined; slug?: string | undefined; ... 9 more ...; instagramUsername?: string | undefined; }) => Promise<...>' is not assignable to parameter of type 'SubmitHandler<TFieldValues>'.
web typecheck:   Types of parameters 'values' and 'data' are incompatible.
web typecheck:     Type 'TFieldValues' is not assignable to type '{ name: string; countryId: number; location: string; description: string; dateFounded: Date; latitude?: number | undefined; longitude?: number | undefined; slug?: string | undefined; ... 9 more ...; instagramUsername?: string | undefined; }'.
web typecheck:       Type 'FieldValues' is missing the following properties from type '{ name: string; countryId: number; location: string; description: string; dateFounded: Date; latitude?: number | undefined; longitude?: number | undefined; slug?: string | undefined; ... 9 more ...; instagramUsername?: string | undefined; }': name, countryId, location, description, dateFounded
web typecheck: src/app/[locale]/dashboard/(club)/[clubId]/club/information/_components/club-info.form.tsx(602,7): error TS2322: Type 'Control<{ name: string; countryId: number; location: string; description: string; dateFounded: Date; latitude?: number | undefined; longitude?: number | undefined; slug?: string | undefined; ... 9 more ...; instagramUsername?: string | undefined; }, any, TFieldValues>' is not assignable to type 'Control<{ name: string; countryId: number; location: string; description: string; dateFounded: Date; latitude?: number | undefined; longitude?: number | undefined; slug?: string | undefined; ... 9 more ...; instagramUsername?: string | undefined; }, any, { ...; }>'.
web typecheck:   The types of '_options.resolver' are incompatible between these types.
web typecheck:     Type 'Resolver<{ name: string; countryId: number; location: string; description: string; dateFounded: Date; latitude?: number | undefined; longitude?: number | undefined; slug?: string | undefined; ... 9 more ...; instagramUsername?: string | undefined; }, any, TFieldValues> | undefined' is not assignable to type 'Resolver<{ name: string; countryId: number; location: string; description: string; dateFounded: Date; latitude?: number | undefined; longitude?: number | undefined; slug?: string | undefined; ... 9 more ...; instagramUsername?: string | undefined; }, any, { ...; }> | undefined'.
web typecheck:       Type 'Resolver<{ name: string; countryId: number; location: string; description: string; dateFounded: Date; latitude?: number | undefined; longitude?: number | undefined; slug?: string | undefined; ... 9 more ...; instagramUsername?: string | undefined; }, any, TFieldValues>' is not assignable to type 'Resolver<{ name: string; countryId: number; location: string; description: string; dateFounded: Date; latitude?: number | undefined; longitude?: number | undefined; slug?: string | undefined; ... 9 more ...; instagramUsername?: string | undefined; }, any, { ...; }>'.
web typecheck:         Type 'ResolverResult<{ name: string; countryId: number; location: string; description: string; dateFounded: Date; latitude?: number | undefined; longitude?: number | undefined; slug?: string | undefined; ... 9 more ...; instagramUsername?: string | undefined; }, TFieldValues> | Promise<...>' is not assignable to type 'ResolverResult<{ name: string; countryId: number; location: string; description: string; dateFounded: Date; latitude?: number | undefined; longitude?: number | undefined; slug?: string | undefined; ... 9 more ...; instagramUsername?: string | undefined; }, { ...; }> | Promise<...>'.
web typecheck:           Type 'ResolverSuccess<TFieldValues>' is not assignable to type 'ResolverResult<{ name: string; countryId: number; location: string; description: string; dateFounded: Date; latitude?: number | undefined; longitude?: number | undefined; slug?: string | undefined; ... 9 more ...; instagramUsername?: string | undefined; }, { ...; }> | Promise<...>'.
web typecheck:             Type 'ResolverSuccess<TFieldValues>' is not assignable to type 'ResolverSuccess<{ name: string; countryId: number; location: string; description: string; dateFounded: Date; latitude?: number | undefined; longitude?: number | undefined; slug?: string | undefined; ... 9 more ...; instagramUsername?: string | undefined; }>'.
web typecheck:               Type 'TFieldValues' is not assignable to type '{ name: string; countryId: number; location: string; description: string; dateFounded: Date; latitude?: number | undefined; longitude?: number | undefined; slug?: string | undefined; ... 9 more ...; instagramUsername?: string | undefined; }'.
web typecheck:                 Type 'FieldValues' is missing the following properties from type '{ name: string; countryId: number; location: string; description: string; dateFounded: Date; latitude?: number | undefined; longitude?: number | undefined; slug?: string | undefined; ... 9 more ...; instagramUsername?: string | undefined; }': name, countryId, location, description, dateFounded
web typecheck: src/app/[locale]/dashboard/(club)/[clubId]/club/information/_components/club-info.form.tsx(636,7): error TS2322: Type 'Control<{ name: string; countryId: number; location: string; description: string; dateFounded: Date; latitude?: number | undefined; longitude?: number | undefined; slug?: string | undefined; ... 9 more ...; instagramUsername?: string | undefined; }, any, TFieldValues>' is not assignable to type 'Control<{ name: string; countryId: number; location: string; description: string; dateFounded: Date; latitude?: number | undefined; longitude?: number | undefined; slug?: string | undefined; ... 9 more ...; instagramUsername?: string | undefined; }, any, { ...; }>'.
web typecheck:   The types of '_options.resolver' are incompatible between these types.
web typecheck:     Type 'Resolver<{ name: string; countryId: number; location: string; description: string; dateFounded: Date; latitude?: number | undefined; longitude?: number | undefined; slug?: string | undefined; ... 9 more ...; instagramUsername?: string | undefined; }, any, TFieldValues> | undefined' is not assignable to type 'Resolver<{ name: string; countryId: number; location: string; description: string; dateFounded: Date; latitude?: number | undefined; longitude?: number | undefined; slug?: string | undefined; ... 9 more ...; instagramUsername?: string | undefined; }, any, { ...; }> | undefined'.
web typecheck:       Type 'Resolver<{ name: string; countryId: number; location: string; description: string; dateFounded: Date; latitude?: number | undefined; longitude?: number | undefined; slug?: string | undefined; ... 9 more ...; instagramUsername?: string | undefined; }, any, TFieldValues>' is not assignable to type 'Resolver<{ name: string; countryId: number; location: string; description: string; dateFounded: Date; latitude?: number | undefined; longitude?: number | undefined; slug?: string | undefined; ... 9 more ...; instagramUsername?: string | undefined; }, any, { ...; }>'.
web typecheck:         Type 'ResolverResult<{ name: string; countryId: number; location: string; description: string; dateFounded: Date; latitude?: number | undefined; longitude?: number | undefined; slug?: string | undefined; ... 9 more ...; instagramUsername?: string | undefined; }, TFieldValues> | Promise<...>' is not assignable to type 'ResolverResult<{ name: string; countryId: number; location: string; description: string; dateFounded: Date; latitude?: number | undefined; longitude?: number | undefined; slug?: string | undefined; ... 9 more ...; instagramUsername?: string | undefined; }, { ...; }> | Promise<...>'.
web typecheck:           Type 'ResolverSuccess<TFieldValues>' is not assignable to type 'ResolverResult<{ name: string; countryId: number; location: string; description: string; dateFounded: Date; latitude?: number | undefined; longitude?: number | undefined; slug?: string | undefined; ... 9 more ...; instagramUsername?: string | undefined; }, { ...; }> | Promise<...>'.
web typecheck:             Type 'ResolverSuccess<TFieldValues>' is not assignable to type 'ResolverSuccess<{ name: string; countryId: number; location: string; description: string; dateFounded: Date; latitude?: number | undefined; longitude?: number | undefined; slug?: string | undefined; ... 9 more ...; instagramUsername?: string | undefined; }>'.
web typecheck:               Type 'TFieldValues' is not assignable to type '{ name: string; countryId: number; location: string; description: string; dateFounded: Date; latitude?: number | undefined; longitude?: number | undefined; slug?: string | undefined; ... 9 more ...; instagramUsername?: string | undefined; }'.
web typecheck:                 Type 'FieldValues' is missing the following properties from type '{ name: string; countryId: number; location: string; description: string; dateFounded: Date; latitude?: number | undefined; longitude?: number | undefined; slug?: string | undefined; ... 9 more ...; instagramUsername?: string | undefined; }': name, countryId, location, description, dateFounded
web typecheck: src/app/[locale]/dashboard/(club)/[clubId]/club/information/_components/club-info.form.tsx(662,7): error TS2322: Type 'Control<{ name: string; countryId: number; location: string; description: string; dateFounded: Date; latitude?: number | undefined; longitude?: number | undefined; slug?: string | undefined; ... 9 more ...; instagramUsername?: string | undefined; }, any, TFieldValues>' is not assignable to type 'Control<{ name: string; countryId: number; location: string; description: string; dateFounded: Date; latitude?: number | undefined; longitude?: number | undefined; slug?: string | undefined; ... 9 more ...; instagramUsername?: string | undefined; }, any, { ...; }>'.
web typecheck:   The types of '_options.resolver' are incompatible between these types.
web typecheck:     Type 'Resolver<{ name: string; countryId: number; location: string; description: string; dateFounded: Date; latitude?: number | undefined; longitude?: number | undefined; slug?: string | undefined; ... 9 more ...; instagramUsername?: string | undefined; }, any, TFieldValues> | undefined' is not assignable to type 'Resolver<{ name: string; countryId: number; location: string; description: string; dateFounded: Date; latitude?: number | undefined; longitude?: number | undefined; slug?: string | undefined; ... 9 more ...; instagramUsername?: string | undefined; }, any, { ...; }> | undefined'.
web typecheck:       Type 'Resolver<{ name: string; countryId: number; location: string; description: string; dateFounded: Date; latitude?: number | undefined; longitude?: number | undefined; slug?: string | undefined; ... 9 more ...; instagramUsername?: string | undefined; }, any, TFieldValues>' is not assignable to type 'Resolver<{ name: string; countryId: number; location: string; description: string; dateFounded: Date; latitude?: number | undefined; longitude?: number | undefined; slug?: string | undefined; ... 9 more ...; instagramUsername?: string | undefined; }, any, { ...; }>'.
web typecheck:         Type 'ResolverResult<{ name: string; countryId: number; location: string; description: string; dateFounded: Date; latitude?: number | undefined; longitude?: number | undefined; slug?: string | undefined; ... 9 more ...; instagramUsername?: string | undefined; }, TFieldValues> | Promise<...>' is not assignable to type 'ResolverResult<{ name: string; countryId: number; location: string; description: string; dateFounded: Date; latitude?: number | undefined; longitude?: number | undefined; slug?: string | undefined; ... 9 more ...; instagramUsername?: string | undefined; }, { ...; }> | Promise<...>'.
web typecheck:           Type 'ResolverSuccess<TFieldValues>' is not assignable to type 'ResolverResult<{ name: string; countryId: number; location: string; description: string; dateFounded: Date; latitude?: number | undefined; longitude?: number | undefined; slug?: string | undefined; ... 9 more ...; instagramUsername?: string | undefined; }, { ...; }> | Promise<...>'.
web typecheck:             Type 'ResolverSuccess<TFieldValues>' is not assignable to type 'ResolverSuccess<{ name: string; countryId: number; location: string; description: string; dateFounded: Date; latitude?: number | undefined; longitude?: number | undefined; slug?: string | undefined; ... 9 more ...; instagramUsername?: string | undefined; }>'.
web typecheck:               Type 'TFieldValues' is not assignable to type '{ name: string; countryId: number; location: string; description: string; dateFounded: Date; latitude?: number | undefined; longitude?: number | undefined; slug?: string | undefined; ... 9 more ...; instagramUsername?: string | undefined; }'.
web typecheck:                 Type 'FieldValues' is missing the following properties from type '{ name: string; countryId: number; location: string; description: string; dateFounded: Date; latitude?: number | undefined; longitude?: number | undefined; slug?: string | undefined; ... 9 more ...; instagramUsername?: string | undefined; }': name, countryId, location, description, dateFounded
web typecheck: src/app/[locale]/dashboard/(club)/[clubId]/club/information/_components/club-info.form.tsx(683,7): error TS2322: Type 'Control<{ name: string; countryId: number; location: string; description: string; dateFounded: Date; latitude?: number | undefined; longitude?: number | undefined; slug?: string | undefined; ... 9 more ...; instagramUsername?: string | undefined; }, any, TFieldValues>' is not assignable to type 'Control<{ name: string; countryId: number; location: string; description: string; dateFounded: Date; latitude?: number | undefined; longitude?: number | undefined; slug?: string | undefined; ... 9 more ...; instagramUsername?: string | undefined; }, any, { ...; }>'.
web typecheck:   The types of '_options.resolver' are incompatible between these types.
web typecheck:     Type 'Resolver<{ name: string; countryId: number; location: string; description: string; dateFounded: Date; latitude?: number | undefined; longitude?: number | undefined; slug?: string | undefined; ... 9 more ...; instagramUsername?: string | undefined; }, any, TFieldValues> | undefined' is not assignable to type 'Resolver<{ name: string; countryId: number; location: string; description: string; dateFounded: Date; latitude?: number | undefined; longitude?: number | undefined; slug?: string | undefined; ... 9 more ...; instagramUsername?: string | undefined; }, any, { ...; }> | undefined'.
web typecheck:       Type 'Resolver<{ name: string; countryId: number; location: string; description: string; dateFounded: Date; latitude?: number | undefined; longitude?: number | undefined; slug?: string | undefined; ... 9 more ...; instagramUsername?: string | undefined; }, any, TFieldValues>' is not assignable to type 'Resolver<{ name: string; countryId: number; location: string; description: string; dateFounded: Date; latitude?: number | undefined; longitude?: number | undefined; slug?: string | undefined; ... 9 more ...; instagramUsername?: string | undefined; }, any, { ...; }>'.
web typecheck:         Type 'ResolverResult<{ name: string; countryId: number; location: string; description: string; dateFounded: Date; latitude?: number | undefined; longitude?: number | undefined; slug?: string | undefined; ... 9 more ...; instagramUsername?: string | undefined; }, TFieldValues> | Promise<...>' is not assignable to type 'ResolverResult<{ name: string; countryId: number; location: string; description: string; dateFounded: Date; latitude?: number | undefined; longitude?: number | undefined; slug?: string | undefined; ... 9 more ...; instagramUsername?: string | undefined; }, { ...; }> | Promise<...>'.
web typecheck:           Type 'ResolverSuccess<TFieldValues>' is not assignable to type 'ResolverResult<{ name: string; countryId: number; location: string; description: string; dateFounded: Date; latitude?: number | undefined; longitude?: number | undefined; slug?: string | undefined; ... 9 more ...; instagramUsername?: string | undefined; }, { ...; }> | Promise<...>'.
web typecheck:             Type 'ResolverSuccess<TFieldValues>' is not assignable to type 'ResolverSuccess<{ name: string; countryId: number; location: string; description: string; dateFounded: Date; latitude?: number | undefined; longitude?: number | undefined; slug?: string | undefined; ... 9 more ...; instagramUsername?: string | undefined; }>'.
web typecheck:               Type 'TFieldValues' is not assignable to type '{ name: string; countryId: number; location: string; description: string; dateFounded: Date; latitude?: number | undefined; longitude?: number | undefined; slug?: string | undefined; ... 9 more ...; instagramUsername?: string | undefined; }'.
web typecheck:                 Type 'FieldValues' is missing the following properties from type '{ name: string; countryId: number; location: string; description: string; dateFounded: Date; latitude?: number | undefined; longitude?: number | undefined; slug?: string | undefined; ... 9 more ...; instagramUsername?: string | undefined; }': name, countryId, location, description, dateFounded
web typecheck: src/app/[locale]/dashboard/(club)/[clubId]/club/information/_components/club-info.form.tsx(787,7): error TS2322: Type 'Control<{ name: string; countryId: number; location: string; description: string; dateFounded: Date; latitude?: number | undefined; longitude?: number | undefined; slug?: string | undefined; ... 9 more ...; instagramUsername?: string | undefined; }, any, TFieldValues>' is not assignable to type 'Control<{ name: string; countryId: number; location: string; description: string; dateFounded: Date; latitude?: number | undefined; longitude?: number | undefined; slug?: string | undefined; ... 9 more ...; instagramUsername?: string | undefined; }, any, { ...; }>'.
web typecheck:   The types of '_options.resolver' are incompatible between these types.
web typecheck:     Type 'Resolver<{ name: string; countryId: number; location: string; description: string; dateFounded: Date; latitude?: number | undefined; longitude?: number | undefined; slug?: string | undefined; ... 9 more ...; instagramUsername?: string | undefined; }, any, TFieldValues> | undefined' is not assignable to type 'Resolver<{ name: string; countryId: number; location: string; description: string; dateFounded: Date; latitude?: number | undefined; longitude?: number | undefined; slug?: string | undefined; ... 9 more ...; instagramUsername?: string | undefined; }, any, { ...; }> | undefined'.
web typecheck:       Type 'Resolver<{ name: string; countryId: number; location: string; description: string; dateFounded: Date; latitude?: number | undefined; longitude?: number | undefined; slug?: string | undefined; ... 9 more ...; instagramUsername?: string | undefined; }, any, TFieldValues>' is not assignable to type 'Resolver<{ name: string; countryId: number; location: string; description: string; dateFounded: Date; latitude?: number | undefined; longitude?: number | undefined; slug?: string | undefined; ... 9 more ...; instagramUsername?: string | undefined; }, any, { ...; }>'.
web typecheck:         Type 'ResolverResult<{ name: string; countryId: number; location: string; description: string; dateFounded: Date; latitude?: number | undefined; longitude?: number | undefined; slug?: string | undefined; ... 9 more ...; instagramUsername?: string | undefined; }, TFieldValues> | Promise<...>' is not assignable to type 'ResolverResult<{ name: string; countryId: number; location: string; description: string; dateFounded: Date; latitude?: number | undefined; longitude?: number | undefined; slug?: string | undefined; ... 9 more ...; instagramUsername?: string | undefined; }, { ...; }> | Promise<...>'.
web typecheck:           Type 'ResolverSuccess<TFieldValues>' is not assignable to type 'ResolverResult<{ name: string; countryId: number; location: string; description: string; dateFounded: Date; latitude?: number | undefined; longitude?: number | undefined; slug?: string | undefined; ... 9 more ...; instagramUsername?: string | undefined; }, { ...; }> | Promise<...>'.
web typecheck:             Type 'ResolverSuccess<TFieldValues>' is not assignable to type 'ResolverSuccess<{ name: string; countryId: number; location: string; description: string; dateFounded: Date; latitude?: number | undefined; longitude?: number | undefined; slug?: string | undefined; ... 9 more ...; instagramUsername?: string | undefined; }>'.
web typecheck:               Type 'TFieldValues' is not assignable to type '{ name: string; countryId: number; location: string; description: string; dateFounded: Date; latitude?: number | undefined; longitude?: number | undefined; slug?: string | undefined; ... 9 more ...; instagramUsername?: string | undefined; }'.
web typecheck:                 Type 'FieldValues' is missing the following properties from type '{ name: string; countryId: number; location: string; description: string; dateFounded: Date; latitude?: number | undefined; longitude?: number | undefined; slug?: string | undefined; ... 9 more ...; instagramUsername?: string | undefined; }': name, countryId, location, description, dateFounded
web typecheck: src/app/[locale]/dashboard/(club)/[clubId]/club/information/_components/club-info.form.tsx(802,7): error TS2322: Type 'Control<{ name: string; countryId: number; location: string; description: string; dateFounded: Date; latitude?: number | undefined; longitude?: number | undefined; slug?: string | undefined; ... 9 more ...; instagramUsername?: string | undefined; }, any, TFieldValues>' is not assignable to type 'Control<{ name: string; countryId: number; location: string; description: string; dateFounded: Date; latitude?: number | undefined; longitude?: number | undefined; slug?: string | undefined; ... 9 more ...; instagramUsername?: string | undefined; }, any, { ...; }>'.
web typecheck:   The types of '_options.resolver' are incompatible between these types.
web typecheck:     Type 'Resolver<{ name: string; countryId: number; location: string; description: string; dateFounded: Date; latitude?: number | undefined; longitude?: number | undefined; slug?: string | undefined; ... 9 more ...; instagramUsername?: string | undefined; }, any, TFieldValues> | undefined' is not assignable to type 'Resolver<{ name: string; countryId: number; location: string; description: string; dateFounded: Date; latitude?: number | undefined; longitude?: number | undefined; slug?: string | undefined; ... 9 more ...; instagramUsername?: string | undefined; }, any, { ...; }> | undefined'.
web typecheck:       Type 'Resolver<{ name: string; countryId: number; location: string; description: string; dateFounded: Date; latitude?: number | undefined; longitude?: number | undefined; slug?: string | undefined; ... 9 more ...; instagramUsername?: string | undefined; }, any, TFieldValues>' is not assignable to type 'Resolver<{ name: string; countryId: number; location: string; description: string; dateFounded: Date; latitude?: number | undefined; longitude?: number | undefined; slug?: string | undefined; ... 9 more ...; instagramUsername?: string | undefined; }, any, { ...; }>'.
web typecheck:         Type 'ResolverResult<{ name: string; countryId: number; location: string; description: string; dateFounded: Date; latitude?: number | undefined; longitude?: number | undefined; slug?: string | undefined; ... 9 more ...; instagramUsername?: string | undefined; }, TFieldValues> | Promise<...>' is not assignable to type 'ResolverResult<{ name: string; countryId: number; location: string; description: string; dateFounded: Date; latitude?: number | undefined; longitude?: number | undefined; slug?: string | undefined; ... 9 more ...; instagramUsername?: string | undefined; }, { ...; }> | Promise<...>'.
web typecheck:           Type 'ResolverSuccess<TFieldValues>' is not assignable to type 'ResolverResult<{ name: string; countryId: number; location: string; description: string; dateFounded: Date; latitude?: number | undefined; longitude?: number | undefined; slug?: string | undefined; ... 9 more ...; instagramUsername?: string | undefined; }, { ...; }> | Promise<...>'.
web typecheck:             Type 'ResolverSuccess<TFieldValues>' is not assignable to type 'ResolverSuccess<{ name: string; countryId: number; location: string; description: string; dateFounded: Date; latitude?: number | undefined; longitude?: number | undefined; slug?: string | undefined; ... 9 more ...; instagramUsername?: string | undefined; }>'.
web typecheck:               Type 'TFieldValues' is not assignable to type '{ name: string; countryId: number; location: string; description: string; dateFounded: Date; latitude?: number | undefined; longitude?: number | undefined; slug?: string | undefined; ... 9 more ...; instagramUsername?: string | undefined; }'.
web typecheck:                 Type 'FieldValues' is missing the following properties from type '{ name: string; countryId: number; location: string; description: string; dateFounded: Date; latitude?: number | undefined; longitude?: number | undefined; slug?: string | undefined; ... 9 more ...; instagramUsername?: string | undefined; }': name, countryId, location, description, dateFounded
web typecheck: src/app/[locale]/dashboard/(club)/[clubId]/club/information/_components/club-info.form.tsx(876,7): error TS2322: Type 'Control<{ name: string; countryId: number; location: string; description: string; dateFounded: Date; latitude?: number | undefined; longitude?: number | undefined; slug?: string | undefined; ... 9 more ...; instagramUsername?: string | undefined; }, any, TFieldValues>' is not assignable to type 'Control<{ name: string; countryId: number; location: string; description: string; dateFounded: Date; latitude?: number | undefined; longitude?: number | undefined; slug?: string | undefined; ... 9 more ...; instagramUsername?: string | undefined; }, any, { ...; }>'.
web typecheck:   The types of '_options.resolver' are incompatible between these types.
web typecheck:     Type 'Resolver<{ name: string; countryId: number; location: string; description: string; dateFounded: Date; latitude?: number | undefined; longitude?: number | undefined; slug?: string | undefined; ... 9 more ...; instagramUsername?: string | undefined; }, any, TFieldValues> | undefined' is not assignable to type 'Resolver<{ name: string; countryId: number; location: string; description: string; dateFounded: Date; latitude?: number | undefined; longitude?: number | undefined; slug?: string | undefined; ... 9 more ...; instagramUsername?: string | undefined; }, any, { ...; }> | undefined'.
web typecheck:       Type 'Resolver<{ name: string; countryId: number; location: string; description: string; dateFounded: Date; latitude?: number | undefined; longitude?: number | undefined; slug?: string | undefined; ... 9 more ...; instagramUsername?: string | undefined; }, any, TFieldValues>' is not assignable to type 'Resolver<{ name: string; countryId: number; location: string; description: string; dateFounded: Date; latitude?: number | undefined; longitude?: number | undefined; slug?: string | undefined; ... 9 more ...; instagramUsername?: string | undefined; }, any, { ...; }>'.
web typecheck:         Type 'ResolverResult<{ name: string; countryId: number; location: string; description: string; dateFounded: Date; latitude?: number | undefined; longitude?: number | undefined; slug?: string | undefined; ... 9 more ...; instagramUsername?: string | undefined; }, TFieldValues> | Promise<...>' is not assignable to type 'ResolverResult<{ name: string; countryId: number; location: string; description: string; dateFounded: Date; latitude?: number | undefined; longitude?: number | undefined; slug?: string | undefined; ... 9 more ...; instagramUsername?: string | undefined; }, { ...; }> | Promise<...>'.
web typecheck:           Type 'ResolverSuccess<TFieldValues>' is not assignable to type 'ResolverResult<{ name: string; countryId: number; location: string; description: string; dateFounded: Date; latitude?: number | undefined; longitude?: number | undefined; slug?: string | undefined; ... 9 more ...; instagramUsername?: string | undefined; }, { ...; }> | Promise<...>'.
web typecheck:             Type 'ResolverSuccess<TFieldValues>' is not assignable to type 'ResolverSuccess<{ name: string; countryId: number; location: string; description: string; dateFounded: Date; latitude?: number | undefined; longitude?: number | undefined; slug?: string | undefined; ... 9 more ...; instagramUsername?: string | undefined; }>'.
web typecheck:               Type 'TFieldValues' is not assignable to type '{ name: string; countryId: number; location: string; description: string; dateFounded: Date; latitude?: number | undefined; longitude?: number | undefined; slug?: string | undefined; ... 9 more ...; instagramUsername?: string | undefined; }'.
web typecheck:                 Type 'FieldValues' is missing the following properties from type '{ name: string; countryId: number; location: string; description: string; dateFounded: Date; latitude?: number | undefined; longitude?: number | undefined; slug?: string | undefined; ... 9 more ...; instagramUsername?: string | undefined; }': name, countryId, location, description, dateFounded
web typecheck: src/app/[locale]/dashboard/(club)/[clubId]/club/information/_components/club-info.form.tsx(898,7): error TS2322: Type 'Control<{ name: string; countryId: number; location: string; description: string; dateFounded: Date; latitude?: number | undefined; longitude?: number | undefined; slug?: string | undefined; ... 9 more ...; instagramUsername?: string | undefined; }, any, TFieldValues>' is not assignable to type 'Control<{ name: string; countryId: number; location: string; description: string; dateFounded: Date; latitude?: number | undefined; longitude?: number | undefined; slug?: string | undefined; ... 9 more ...; instagramUsername?: string | undefined; }, any, { ...; }>'.
web typecheck:   The types of '_options.resolver' are incompatible between these types.
web typecheck:     Type 'Resolver<{ name: string; countryId: number; location: string; description: string; dateFounded: Date; latitude?: number | undefined; longitude?: number | undefined; slug?: string | undefined; ... 9 more ...; instagramUsername?: string | undefined; }, any, TFieldValues> | undefined' is not assignable to type 'Resolver<{ name: string; countryId: number; location: string; description: string; dateFounded: Date; latitude?: number | undefined; longitude?: number | undefined; slug?: string | undefined; ... 9 more ...; instagramUsername?: string | undefined; }, any, { ...; }> | undefined'.
web typecheck:       Type 'Resolver<{ name: string; countryId: number; location: string; description: string; dateFounded: Date; latitude?: number | undefined; longitude?: number | undefined; slug?: string | undefined; ... 9 more ...; instagramUsername?: string | undefined; }, any, TFieldValues>' is not assignable to type 'Resolver<{ name: string; countryId: number; location: string; description: string; dateFounded: Date; latitude?: number | undefined; longitude?: number | undefined; slug?: string | undefined; ... 9 more ...; instagramUsername?: string | undefined; }, any, { ...; }>'.
web typecheck:         Type 'ResolverResult<{ name: string; countryId: number; location: string; description: string; dateFounded: Date; latitude?: number | undefined; longitude?: number | undefined; slug?: string | undefined; ... 9 more ...; instagramUsername?: string | undefined; }, TFieldValues> | Promise<...>' is not assignable to type 'ResolverResult<{ name: string; countryId: number; location: string; description: string; dateFounded: Date; latitude?: number | undefined; longitude?: number | undefined; slug?: string | undefined; ... 9 more ...; instagramUsername?: string | undefined; }, { ...; }> | Promise<...>'.
web typecheck:           Type 'ResolverSuccess<TFieldValues>' is not assignable to type 'ResolverResult<{ name: string; countryId: number; location: string; description: string; dateFounded: Date; latitude?: number | undefined; longitude?: number | undefined; slug?: string | undefined; ... 9 more ...; instagramUsername?: string | undefined; }, { ...; }> | Promise<...>'.
web typecheck:             Type 'ResolverSuccess<TFieldValues>' is not assignable to type 'ResolverSuccess<{ name: string; countryId: number; location: string; description: string; dateFounded: Date; latitude?: number | undefined; longitude?: number | undefined; slug?: string | undefined; ... 9 more ...; instagramUsername?: string | undefined; }>'.
web typecheck:               Type 'TFieldValues' is not assignable to type '{ name: string; countryId: number; location: string; description: string; dateFounded: Date; latitude?: number | undefined; longitude?: number | undefined; slug?: string | undefined; ... 9 more ...; instagramUsername?: string | undefined; }'.
web typecheck:                 Type 'FieldValues' is missing the following properties from type '{ name: string; countryId: number; location: string; description: string; dateFounded: Date; latitude?: number | undefined; longitude?: number | undefined; slug?: string | undefined; ... 9 more ...; instagramUsername?: string | undefined; }': name, countryId, location, description, dateFounded
web typecheck: src/app/[locale]/dashboard/(club)/[clubId]/club/information/_components/club-info.form.tsx(937,7): error TS2322: Type 'Control<{ name: string; countryId: number; location: string; description: string; dateFounded: Date; latitude?: number | undefined; longitude?: number | undefined; slug?: string | undefined; ... 9 more ...; instagramUsername?: string | undefined; }, any, TFieldValues>' is not assignable to type 'Control<{ name: string; countryId: number; location: string; description: string; dateFounded: Date; latitude?: number | undefined; longitude?: number | undefined; slug?: string | undefined; ... 9 more ...; instagramUsername?: string | undefined; }, any, { ...; }>'.
web typecheck:   The types of '_options.resolver' are incompatible between these types.
web typecheck:     Type 'Resolver<{ name: string; countryId: number; location: string; description: string; dateFounded: Date; latitude?: number | undefined; longitude?: number | undefined; slug?: string | undefined; ... 9 more ...; instagramUsername?: string | undefined; }, any, TFieldValues> | undefined' is not assignable to type 'Resolver<{ name: string; countryId: number; location: string; description: string; dateFounded: Date; latitude?: number | undefined; longitude?: number | undefined; slug?: string | undefined; ... 9 more ...; instagramUsername?: string | undefined; }, any, { ...; }> | undefined'.
web typecheck:       Type 'Resolver<{ name: string; countryId: number; location: string; description: string; dateFounded: Date; latitude?: number | undefined; longitude?: number | undefined; slug?: string | undefined; ... 9 more ...; instagramUsername?: string | undefined; }, any, TFieldValues>' is not assignable to type 'Resolver<{ name: string; countryId: number; location: string; description: string; dateFounded: Date; latitude?: number | undefined; longitude?: number | undefined; slug?: string | undefined; ... 9 more ...; instagramUsername?: string | undefined; }, any, { ...; }>'.
web typecheck:         Type 'ResolverResult<{ name: string; countryId: number; location: string; description: string; dateFounded: Date; latitude?: number | undefined; longitude?: number | undefined; slug?: string | undefined; ... 9 more ...; instagramUsername?: string | undefined; }, TFieldValues> | Promise<...>' is not assignable to type 'ResolverResult<{ name: string; countryId: number; location: string; description: string; dateFounded: Date; latitude?: number | undefined; longitude?: number | undefined; slug?: string | undefined; ... 9 more ...; instagramUsername?: string | undefined; }, { ...; }> | Promise<...>'.
web typecheck:           Type 'ResolverSuccess<TFieldValues>' is not assignable to type 'ResolverResult<{ name: string; countryId: number; location: string; description: string; dateFounded: Date; latitude?: number | undefined; longitude?: number | undefined; slug?: string | undefined; ... 9 more ...; instagramUsername?: string | undefined; }, { ...; }> | Promise<...>'.
web typecheck:             Type 'ResolverSuccess<TFieldValues>' is not assignable to type 'ResolverSuccess<{ name: string; countryId: number; location: string; description: string; dateFounded: Date; latitude?: number | undefined; longitude?: number | undefined; slug?: string | undefined; ... 9 more ...; instagramUsername?: string | undefined; }>'.
web typecheck:               Type 'TFieldValues' is not assignable to type '{ name: string; countryId: number; location: string; description: string; dateFounded: Date; latitude?: number | undefined; longitude?: number | undefined; slug?: string | undefined; ... 9 more ...; instagramUsername?: string | undefined; }'.
web typecheck:                 Type 'FieldValues' is missing the following properties from type '{ name: string; countryId: number; location: string; description: string; dateFounded: Date; latitude?: number | undefined; longitude?: number | undefined; slug?: string | undefined; ... 9 more ...; instagramUsername?: string | undefined; }': name, countryId, location, description, dateFounded
web typecheck: src/app/[locale]/dashboard/(club)/[clubId]/club/information/_components/club-info.form.tsx(955,7): error TS2322: Type 'Control<{ name: string; countryId: number; location: string; description: string; dateFounded: Date; latitude?: number | undefined; longitude?: number | undefined; slug?: string | undefined; ... 9 more ...; instagramUsername?: string | undefined; }, any, TFieldValues>' is not assignable to type 'Control<{ name: string; countryId: number; location: string; description: string; dateFounded: Date; latitude?: number | undefined; longitude?: number | undefined; slug?: string | undefined; ... 9 more ...; instagramUsername?: string | undefined; }, any, { ...; }>'.
web typecheck:   The types of '_options.resolver' are incompatible between these types.
web typecheck:     Type 'Resolver<{ name: string; countryId: number; location: string; description: string; dateFounded: Date; latitude?: number | undefined; longitude?: number | undefined; slug?: string | undefined; ... 9 more ...; instagramUsername?: string | undefined; }, any, TFieldValues> | undefined' is not assignable to type 'Resolver<{ name: string; countryId: number; location: string; description: string; dateFounded: Date; latitude?: number | undefined; longitude?: number | undefined; slug?: string | undefined; ... 9 more ...; instagramUsername?: string | undefined; }, any, { ...; }> | undefined'.
web typecheck:       Type 'Resolver<{ name: string; countryId: number; location: string; description: string; dateFounded: Date; latitude?: number | undefined; longitude?: number | undefined; slug?: string | undefined; ... 9 more ...; instagramUsername?: string | undefined; }, any, TFieldValues>' is not assignable to type 'Resolver<{ name: string; countryId: number; location: string; description: string; dateFounded: Date; latitude?: number | undefined; longitude?: number | undefined; slug?: string | undefined; ... 9 more ...; instagramUsername?: string | undefined; }, any, { ...; }>'.
web typecheck:         Type 'ResolverResult<{ name: string; countryId: number; location: string; description: string; dateFounded: Date; latitude?: number | undefined; longitude?: number | undefined; slug?: string | undefined; ... 9 more ...; instagramUsername?: string | undefined; }, TFieldValues> | Promise<...>' is not assignable to type 'ResolverResult<{ name: string; countryId: number; location: string; description: string; dateFounded: Date; latitude?: number | undefined; longitude?: number | undefined; slug?: string | undefined; ... 9 more ...; instagramUsername?: string | undefined; }, { ...; }> | Promise<...>'.
web typecheck:           Type 'ResolverSuccess<TFieldValues>' is not assignable to type 'ResolverResult<{ name: string; countryId: number; location: string; description: string; dateFounded: Date; latitude?: number | undefined; longitude?: number | undefined; slug?: string | undefined; ... 9 more ...; instagramUsername?: string | undefined; }, { ...; }> | Promise<...>'.
web typecheck:             Type 'ResolverSuccess<TFieldValues>' is not assignable to type 'ResolverSuccess<{ name: string; countryId: number; location: string; description: string; dateFounded: Date; latitude?: number | undefined; longitude?: number | undefined; slug?: string | undefined; ... 9 more ...; instagramUsername?: string | undefined; }>'.
web typecheck:               Type 'TFieldValues' is not assignable to type '{ name: string; countryId: number; location: string; description: string; dateFounded: Date; latitude?: number | undefined; longitude?: number | undefined; slug?: string | undefined; ... 9 more ...; instagramUsername?: string | undefined; }'.
web typecheck:                 Type 'FieldValues' is missing the following properties from type '{ name: string; countryId: number; location: string; description: string; dateFounded: Date; latitude?: number | undefined; longitude?: number | undefined; slug?: string | undefined; ... 9 more ...; instagramUsername?: string | undefined; }': name, countryId, location, description, dateFounded
web typecheck: src/app/[locale]/dashboard/(club)/[clubId]/club/information/_components/club-info.form.tsx(973,7): error TS2322: Type 'Control<{ name: string; countryId: number; location: string; description: string; dateFounded: Date; latitude?: number | undefined; longitude?: number | undefined; slug?: string | undefined; ... 9 more ...; instagramUsername?: string | undefined; }, any, TFieldValues>' is not assignable to type 'Control<{ name: string; countryId: number; location: string; description: string; dateFounded: Date; latitude?: number | undefined; longitude?: number | undefined; slug?: string | undefined; ... 9 more ...; instagramUsername?: string | undefined; }, any, { ...; }>'.
web typecheck:   The types of '_options.resolver' are incompatible between these types.
web typecheck:     Type 'Resolver<{ name: string; countryId: number; location: string; description: string; dateFounded: Date; latitude?: number | undefined; longitude?: number | undefined; slug?: string | undefined; ... 9 more ...; instagramUsername?: string | undefined; }, any, TFieldValues> | undefined' is not assignable to type 'Resolver<{ name: string; countryId: number; location: string; description: string; dateFounded: Date; latitude?: number | undefined; longitude?: number | undefined; slug?: string | undefined; ... 9 more ...; instagramUsername?: string | undefined; }, any, { ...; }> | undefined'.
web typecheck:       Type 'Resolver<{ name: string; countryId: number; location: string; description: string; dateFounded: Date; latitude?: number | undefined; longitude?: number | undefined; slug?: string | undefined; ... 9 more ...; instagramUsername?: string | undefined; }, any, TFieldValues>' is not assignable to type 'Resolver<{ name: string; countryId: number; location: string; description: string; dateFounded: Date; latitude?: number | undefined; longitude?: number | undefined; slug?: string | undefined; ... 9 more ...; instagramUsername?: string | undefined; }, any, { ...; }>'.
web typecheck:         Type 'ResolverResult<{ name: string; countryId: number; location: string; description: string; dateFounded: Date; latitude?: number | undefined; longitude?: number | undefined; slug?: string | undefined; ... 9 more ...; instagramUsername?: string | undefined; }, TFieldValues> | Promise<...>' is not assignable to type 'ResolverResult<{ name: string; countryId: number; location: string; description: string; dateFounded: Date; latitude?: number | undefined; longitude?: number | undefined; slug?: string | undefined; ... 9 more ...; instagramUsername?: string | undefined; }, { ...; }> | Promise<...>'.
web typecheck:           Type 'ResolverSuccess<TFieldValues>' is not assignable to type 'ResolverResult<{ name: string; countryId: number; location: string; description: string; dateFounded: Date; latitude?: number | undefined; longitude?: number | undefined; slug?: string | undefined; ... 9 more ...; instagramUsername?: string | undefined; }, { ...; }> | Promise<...>'.
web typecheck:             Type 'ResolverSuccess<TFieldValues>' is not assignable to type 'ResolverSuccess<{ name: string; countryId: number; location: string; description: string; dateFounded: Date; latitude?: number | undefined; longitude?: number | undefined; slug?: string | undefined; ... 9 more ...; instagramUsername?: string | undefined; }>'.
web typecheck:               Type 'TFieldValues' is not assignable to type '{ name: string; countryId: number; location: string; description: string; dateFounded: Date; latitude?: number | undefined; longitude?: number | undefined; slug?: string | undefined; ... 9 more ...; instagramUsername?: string | undefined; }'.
web typecheck:                 Type 'FieldValues' is missing the following properties from type '{ name: string; countryId: number; location: string; description: string; dateFounded: Date; latitude?: number | undefined; longitude?: number | undefined; slug?: string | undefined; ... 9 more ...; instagramUsername?: string | undefined; }': name, countryId, location, description, dateFounded
web typecheck: src/app/[locale]/dashboard/(club)/[clubId]/club/information/_components/club-info.form.tsx(995,7): error TS2322: Type 'Control<{ name: string; countryId: number; location: string; description: string; dateFounded: Date; latitude?: number | undefined; longitude?: number | undefined; slug?: string | undefined; ... 9 more ...; instagramUsername?: string | undefined; }, any, TFieldValues>' is not assignable to type 'Control<{ name: string; countryId: number; location: string; description: string; dateFounded: Date; latitude?: number | undefined; longitude?: number | undefined; slug?: string | undefined; ... 9 more ...; instagramUsername?: string | undefined; }, any, { ...; }>'.
web typecheck:   The types of '_options.resolver' are incompatible between these types.
web typecheck:     Type 'Resolver<{ name: string; countryId: number; location: string; description: string; dateFounded: Date; latitude?: number | undefined; longitude?: number | undefined; slug?: string | undefined; ... 9 more ...; instagramUsername?: string | undefined; }, any, TFieldValues> | undefined' is not assignable to type 'Resolver<{ name: string; countryId: number; location: string; description: string; dateFounded: Date; latitude?: number | undefined; longitude?: number | undefined; slug?: string | undefined; ... 9 more ...; instagramUsername?: string | undefined; }, any, { ...; }> | undefined'.
web typecheck:       Type 'Resolver<{ name: string; countryId: number; location: string; description: string; dateFounded: Date; latitude?: number | undefined; longitude?: number | undefined; slug?: string | undefined; ... 9 more ...; instagramUsername?: string | undefined; }, any, TFieldValues>' is not assignable to type 'Resolver<{ name: string; countryId: number; location: string; description: string; dateFounded: Date; latitude?: number | undefined; longitude?: number | undefined; slug?: string | undefined; ... 9 more ...; instagramUsername?: string | undefined; }, any, { ...; }>'.
web typecheck:         Type 'ResolverResult<{ name: string; countryId: number; location: string; description: string; dateFounded: Date; latitude?: number | undefined; longitude?: number | undefined; slug?: string | undefined; ... 9 more ...; instagramUsername?: string | undefined; }, TFieldValues> | Promise<...>' is not assignable to type 'ResolverResult<{ name: string; countryId: number; location: string; description: string; dateFounded: Date; latitude?: number | undefined; longitude?: number | undefined; slug?: string | undefined; ... 9 more ...; instagramUsername?: string | undefined; }, { ...; }> | Promise<...>'.
web typecheck:           Type 'ResolverSuccess<TFieldValues>' is not assignable to type 'ResolverResult<{ name: string; countryId: number; location: string; description: string; dateFounded: Date; latitude?: number | undefined; longitude?: number | undefined; slug?: string | undefined; ... 9 more ...; instagramUsername?: string | undefined; }, { ...; }> | Promise<...>'.
web typecheck:             Type 'ResolverSuccess<TFieldValues>' is not assignable to type 'ResolverSuccess<{ name: string; countryId: number; location: string; description: string; dateFounded: Date; latitude?: number | undefined; longitude?: number | undefined; slug?: string | undefined; ... 9 more ...; instagramUsername?: string | undefined; }>'.
web typecheck:               Type 'TFieldValues' is not assignable to type '{ name: string; countryId: number; location: string; description: string; dateFounded: Date; latitude?: number | undefined; longitude?: number | undefined; slug?: string | undefined; ... 9 more ...; instagramUsername?: string | undefined; }'.
web typecheck:                 Type 'FieldValues' is missing the following properties from type '{ name: string; countryId: number; location: string; description: string; dateFounded: Date; latitude?: number | undefined; longitude?: number | undefined; slug?: string | undefined; ... 9 more ...; instagramUsername?: string | undefined; }': name, countryId, location, description, dateFounded
web typecheck: src/app/[locale]/dashboard/(club)/[clubId]/club/information/_components/club-info.form.tsx(1012,7): error TS2322: Type 'Control<{ name: string; countryId: number; location: string; description: string; dateFounded: Date; latitude?: number | undefined; longitude?: number | undefined; slug?: string | undefined; ... 9 more ...; instagramUsername?: string | undefined; }, any, TFieldValues>' is not assignable to type 'Control<{ name: string; countryId: number; location: string; description: string; dateFounded: Date; latitude?: number | undefined; longitude?: number | undefined; slug?: string | undefined; ... 9 more ...; instagramUsername?: string | undefined; }, any, { ...; }>'.
web typecheck:   The types of '_options.resolver' are incompatible between these types.
web typecheck:     Type 'Resolver<{ name: string; countryId: number; location: string; description: string; dateFounded: Date; latitude?: number | undefined; longitude?: number | undefined; slug?: string | undefined; ... 9 more ...; instagramUsername?: string | undefined; }, any, TFieldValues> | undefined' is not assignable to type 'Resolver<{ name: string; countryId: number; location: string; description: string; dateFounded: Date; latitude?: number | undefined; longitude?: number | undefined; slug?: string | undefined; ... 9 more ...; instagramUsername?: string | undefined; }, any, { ...; }> | undefined'.
web typecheck:       Type 'Resolver<{ name: string; countryId: number; location: string; description: string; dateFounded: Date; latitude?: number | undefined; longitude?: number | undefined; slug?: string | undefined; ... 9 more ...; instagramUsername?: string | undefined; }, any, TFieldValues>' is not assignable to type 'Resolver<{ name: string; countryId: number; location: string; description: string; dateFounded: Date; latitude?: number | undefined; longitude?: number | undefined; slug?: string | undefined; ... 9 more ...; instagramUsername?: string | undefined; }, any, { ...; }>'.
web typecheck:         Type 'ResolverResult<{ name: string; countryId: number; location: string; description: string; dateFounded: Date; latitude?: number | undefined; longitude?: number | undefined; slug?: string | undefined; ... 9 more ...; instagramUsername?: string | undefined; }, TFieldValues> | Promise<...>' is not assignable to type 'ResolverResult<{ name: string; countryId: number; location: string; description: string; dateFounded: Date; latitude?: number | undefined; longitude?: number | undefined; slug?: string | undefined; ... 9 more ...; instagramUsername?: string | undefined; }, { ...; }> | Promise<...>'.
web typecheck:           Type 'ResolverSuccess<TFieldValues>' is not assignable to type 'ResolverResult<{ name: string; countryId: number; location: string; description: string; dateFounded: Date; latitude?: number | undefined; longitude?: number | undefined; slug?: string | undefined; ... 9 more ...; instagramUsername?: string | undefined; }, { ...; }> | Promise<...>'.
web typecheck:             Type 'ResolverSuccess<TFieldValues>' is not assignable to type 'ResolverSuccess<{ name: string; countryId: number; location: string; description: string; dateFounded: Date; latitude?: number | undefined; longitude?: number | undefined; slug?: string | undefined; ... 9 more ...; instagramUsername?: string | undefined; }>'.
web typecheck:               Type 'TFieldValues' is not assignable to type '{ name: string; countryId: number; location: string; description: string; dateFounded: Date; latitude?: number | undefined; longitude?: number | undefined; slug?: string | undefined; ... 9 more ...; instagramUsername?: string | undefined; }'.
web typecheck:                 Type 'FieldValues' is missing the following properties from type '{ name: string; countryId: number; location: string; description: string; dateFounded: Date; latitude?: number | undefined; longitude?: number | undefined; slug?: string | undefined; ... 9 more ...; instagramUsername?: string | undefined; }': name, countryId, location, description, dateFounded
web typecheck: src/app/[locale]/dashboard/(club)/[clubId]/club/information/_components/club-info.form.tsx(1029,7): error TS2322: Type 'Control<{ name: string; countryId: number; location: string; description: string; dateFounded: Date; latitude?: number | undefined; longitude?: number | undefined; slug?: string | undefined; ... 9 more ...; instagramUsername?: string | undefined; }, any, TFieldValues>' is not assignable to type 'Control<{ name: string; countryId: number; location: string; description: string; dateFounded: Date; latitude?: number | undefined; longitude?: number | undefined; slug?: string | undefined; ... 9 more ...; instagramUsername?: string | undefined; }, any, { ...; }>'.
web typecheck:   The types of '_options.resolver' are incompatible between these types.
web typecheck:     Type 'Resolver<{ name: string; countryId: number; location: string; description: string; dateFounded: Date; latitude?: number | undefined; longitude?: number | undefined; slug?: string | undefined; ... 9 more ...; instagramUsername?: string | undefined; }, any, TFieldValues> | undefined' is not assignable to type 'Resolver<{ name: string; countryId: number; location: string; description: string; dateFounded: Date; latitude?: number | undefined; longitude?: number | undefined; slug?: string | undefined; ... 9 more ...; instagramUsername?: string | undefined; }, any, { ...; }> | undefined'.
web typecheck:       Type 'Resolver<{ name: string; countryId: number; location: string; description: string; dateFounded: Date; latitude?: number | undefined; longitude?: number | undefined; slug?: string | undefined; ... 9 more ...; instagramUsername?: string | undefined; }, any, TFieldValues>' is not assignable to type 'Resolver<{ name: string; countryId: number; location: string; description: string; dateFounded: Date; latitude?: number | undefined; longitude?: number | undefined; slug?: string | undefined; ... 9 more ...; instagramUsername?: string | undefined; }, any, { ...; }>'.
web typecheck:         Type 'ResolverResult<{ name: string; countryId: number; location: string; description: string; dateFounded: Date; latitude?: number | undefined; longitude?: number | undefined; slug?: string | undefined; ... 9 more ...; instagramUsername?: string | undefined; }, TFieldValues> | Promise<...>' is not assignable to type 'ResolverResult<{ name: string; countryId: number; location: string; description: string; dateFounded: Date; latitude?: number | undefined; longitude?: number | undefined; slug?: string | undefined; ... 9 more ...; instagramUsername?: string | undefined; }, { ...; }> | Promise<...>'.
web typecheck:           Type 'ResolverSuccess<TFieldValues>' is not assignable to type 'ResolverResult<{ name: string; countryId: number; location: string; description: string; dateFounded: Date; latitude?: number | undefined; longitude?: number | undefined; slug?: string | undefined; ... 9 more ...; instagramUsername?: string | undefined; }, { ...; }> | Promise<...>'.
web typecheck:             Type 'ResolverSuccess<TFieldValues>' is not assignable to type 'ResolverSuccess<{ name: string; countryId: number; location: string; description: string; dateFounded: Date; latitude?: number | undefined; longitude?: number | undefined; slug?: string | undefined; ... 9 more ...; instagramUsername?: string | undefined; }>'.
web typecheck:               Type 'TFieldValues' is not assignable to type '{ name: string; countryId: number; location: string; description: string; dateFounded: Date; latitude?: number | undefined; longitude?: number | undefined; slug?: string | undefined; ... 9 more ...; instagramUsername?: string | undefined; }'.
web typecheck:                 Type 'FieldValues' is missing the following properties from type '{ name: string; countryId: number; location: string; description: string; dateFounded: Date; latitude?: number | undefined; longitude?: number | undefined; slug?: string | undefined; ... 9 more ...; instagramUsername?: string | undefined; }': name, countryId, location, description, dateFounded
web typecheck: src/app/[locale]/dashboard/(club)/[clubId]/club/information/page.tsx(42,5): error TS2741: Property '_count' is missing in type '{ id: string; name: string; location: string | null; latitude: number | null; longitude: number | null; description: string | null; dateFounded: string | null; slug: string | null; ... 23 more ...; headerImage: string | null; }' but required in type '{ id: string; name: string; location: string | null; latitude: number | null; longitude: number | null; description: string | null; dateFounded: string | null; slug: string | null; ... 24 more ...; _count: { ...; }; }'.
web typecheck: src/app/[locale]/dashboard/(club)/[clubId]/club/information/page.tsx(44,23): error TS2339: Property 'isOwner' does not exist on type '{ id: string; name: string; location: string | null; latitude: number | null; longitude: number | null; description: string | null; dateFounded: string | null; slug: string | null; ... 23 more ...; headerImage: string | null; }'.
web typecheck: src/app/[locale]/dashboard/(club)/[clubId]/events/[id]/attendance/page.tsx(77,28): error TS2322: Type '{ eventRegistration: { id: string; eventId: string; createdById: string; type: string; paymentMethod: string; attended: boolean; createdAt: string; updatedAt: string; createdBy: { id: string; name: string; email: string; callsign: string | null; image: string | null; } | null; invitedUsers: { id: string; name: strin...' is not assignable to type '{ id: string; name: string; description: string; clubId: string; image: string | null; slug: string | null; dateStart: string; dateEnd: string; dateRegistrationsClose: string; dateRegistrationsOpen: string; ... 14 more ...; updatedAt: string; } & { ...; }'.
web typecheck:   Type '{ eventRegistration: { id: string; eventId: string; createdById: string; type: string; paymentMethod: string; attended: boolean; createdAt: string; updatedAt: string; createdBy: { id: string; name: string; email: string; callsign: string | null; image: string | null; } | null; invitedUsers: { id: string; name: strin...' is not assignable to type '{ eventRegistration: ExtendedEventRegistration[]; }'.
web typecheck:     Types of property 'eventRegistration' are incompatible.
web typecheck:       Type '{ id: string; eventId: string; createdById: string; type: string; paymentMethod: string; attended: boolean; createdAt: string; updatedAt: string; createdBy: { id: string; name: string; email: string; callsign: string | null; image: string | null; } | null; invitedUsers: { ...; }[]; invitedUsersNotOnApp: { ...; }[]; ...' is not assignable to type 'ExtendedEventRegistration[]'.
web typecheck:         Type '{ id: string; eventId: string; createdById: string; type: string; paymentMethod: string; attended: boolean; createdAt: string; updatedAt: string; createdBy: { id: string; name: string; email: string; callsign: string | null; image: string | null; } | null; invitedUsers: { ...; }[]; invitedUsersNotOnApp: { ...; }[]; }' is not assignable to type 'ExtendedEventRegistration'.
web typecheck:           Type '{ id: string; eventId: string; createdById: string; type: string; paymentMethod: string; attended: boolean; createdAt: string; updatedAt: string; createdBy: { id: string; name: string; email: string; callsign: string | null; image: string | null; } | null; invitedUsers: { ...; }[]; invitedUsersNotOnApp: { ...; }[]; }' is not assignable to type '{ invitedUsers: { id?: string | undefined; name: string; email: string; readonly emailVerified: boolean; image?: string | undefined; createdAt: string; updatedAt: string; readonly twoFactorEnabled: boolean; ... 9 more ...; style?: string | undefined; }[]; createdBy: { ...; }; invitedUsersNotOnApp: { ...; }[]; }'.
web typecheck:             Types of property 'invitedUsers' are incompatible.
web typecheck:               Type '{ id: string; name: string; email: string; callsign: string | null; image: string | null; }[]' is not assignable to type '{ id?: string | undefined; name: string; email: string; readonly emailVerified: boolean; image?: string | undefined; createdAt: string; updatedAt: string; readonly twoFactorEnabled: boolean; ... 9 more ...; style?: string | undefined; }[]'.
web typecheck:                 Type '{ id: string; name: string; email: string; callsign: string | null; image: string | null; }' is missing the following properties from type '{ id?: string | undefined; name: string; email: string; readonly emailVerified: boolean; image?: string | undefined; createdAt: string; updatedAt: string; readonly twoFactorEnabled: boolean; ... 9 more ...; style?: string | undefined; }': emailVerified, createdAt, updatedAt, twoFactorEnabled, banned
web typecheck: src/app/[locale]/dashboard/(club)/[clubId]/events/calendar/page.tsx(29,24): error TS2322: Type '{ id: string; name: string; description: string; clubId: string; image: string | null; slug: string | null; dateStart: string; dateEnd: string; dateRegistrationsClose: string; dateRegistrationsOpen: string; ... 14 more ...; updatedAt: string; }[]' is not assignable to type '({ id: string; name: string; description: string; clubId: string; image: string | null; slug: string | null; dateStart: string; dateEnd: string; dateRegistrationsClose: string; dateRegistrationsOpen: string; ... 14 more ...; updatedAt: string; } & { ...; })[]'.
web typecheck:   Type '{ id: string; name: string; description: string; clubId: string; image: string | null; slug: string | null; dateStart: string; dateEnd: string; dateRegistrationsClose: string; dateRegistrationsOpen: string; ... 14 more ...; updatedAt: string; }' is not assignable to type '{ id: string; name: string; description: string; clubId: string; image: string | null; slug: string | null; dateStart: string; dateEnd: string; dateRegistrationsClose: string; dateRegistrationsOpen: string; ... 14 more ...; updatedAt: string; } & { ...; }'.
web typecheck:     Property 'club' is missing in type '{ id: string; name: string; description: string; clubId: string; image: string | null; slug: string | null; dateStart: string; dateEnd: string; dateRegistrationsClose: string; dateRegistrationsOpen: string; ... 14 more ...; updatedAt: string; }' but required in type '{ club: { name: string; verified: boolean; }; image?: string | null | undefined; }'.
web typecheck: src/app/[locale]/dashboard/(club)/[clubId]/events/create/_components/events.form.tsx(196,3): error TS2322: Type 'string | Date' is not assignable to type 'Date'.
web typecheck:   Type 'string' is not assignable to type 'Date'.
web typecheck: src/app/[locale]/dashboard/(club)/[clubId]/events/create/_components/events.form.tsx(197,3): error TS2322: Type 'string | Date' is not assignable to type 'Date'.
web typecheck:   Type 'string' is not assignable to type 'Date'.
web typecheck: src/app/[locale]/dashboard/(club)/[clubId]/events/create/_components/events.form.tsx(198,3): error TS2322: Type 'string | Date' is not assignable to type 'Date'.
web typecheck:   Type 'string' is not assignable to type 'Date'.
web typecheck: src/app/[locale]/dashboard/(club)/[clubId]/events/create/_components/events.form.tsx(199,3): error TS2322: Type 'string | Date' is not assignable to type 'Date'.
web typecheck:   Type 'string' is not assignable to type 'Date'.
web typecheck: src/app/[locale]/dashboard/(club)/[clubId]/events/create/_components/events.form.tsx(327,42): error TS2339: Property 'id' does not exist on type '{ success: boolean; event: { id: string; name: string; description: string; clubId: string; image: string | null; slug: string | null; dateStart: string; dateEnd: string; dateRegistrationsClose: string; ... 15 more ...; updatedAt: string; }; }'.
web typecheck: src/app/[locale]/dashboard/(club)/[clubId]/events/create/_components/events.form.tsx(331,37): error TS2339: Property 'id' does not exist on type '{ success: boolean; event: { id: string; name: string; description: string; clubId: string; image: string | null; slug: string | null; dateStart: string; dateEnd: string; dateRegistrationsClose: string; ... 15 more ...; updatedAt: string; }; }'.
web typecheck: src/app/[locale]/dashboard/(club)/[clubId]/events/create/_components/events.form.tsx(340,7): error TS2740: Type '{ image: string | undefined; }' is missing the following properties from type '{ clubId: string; name: string; description: string; costPerPerson: number; location: string; googleMapsLink?: string | undefined; dateStart: string; dateEnd: string; dateRegistrationsOpen: string; ... 12 more ...; mapData?: unknown; }': clubId, name, description, costPerPerson, and 5 more.
web typecheck: src/app/[locale]/dashboard/(club)/[clubId]/events/create/page.tsx(41,26): error TS2322: Type '{ event: { id: string; name: string; description: string; clubId: string; image: string | null; slug: string | null; dateStart: string; dateEnd: string; dateRegistrationsClose: string; dateRegistrationsOpen: string; ... 14 more ...; updatedAt: string; }; club: { ...; } | null; registrationCount: number; } | null' is not assignable to type '{ id: string; name: string; description: string; clubId: string; image: string | null; slug: string | null; dateStart: string; dateEnd: string; dateRegistrationsClose: string; dateRegistrationsOpen: string; ... 14 more ...; updatedAt: string; } | null'.
web typecheck:   Type '{ event: { id: string; name: string; description: string; clubId: string; image: string | null; slug: string | null; dateStart: string; dateEnd: string; dateRegistrationsClose: string; dateRegistrationsOpen: string; ... 14 more ...; updatedAt: string; }; club: { ...; } | null; registrationCount: number; }' is missing the following properties from type '{ id: string; name: string; description: string; clubId: string; image: string | null; slug: string | null; dateStart: string; dateEnd: string; dateRegistrationsClose: string; dateRegistrationsOpen: string; ... 14 more ...; updatedAt: string; }': id, name, description, clubId, and 21 more.
web typecheck: src/app/[locale]/dashboard/(club)/[clubId]/events/create/page.tsx(41,48): error TS2322: Type 'never[] | { rules: { id: string; name: string; description: string | null; content: string; clubId: string; eventId: string | null; createdAt: string; updatedAt: string; }[]; }' is not assignable to type '{ id: string; name: string; description: string | null; content: string; clubId: string; eventId: string | null; createdAt: string; updatedAt: string; }[]'.
web typecheck:   Type '{ rules: { id: string; name: string; description: string | null; content: string; clubId: string; eventId: string | null; createdAt: string; updatedAt: string; }[]; }' is missing the following properties from type '{ id: string; name: string; description: string | null; content: string; clubId: string; eventId: string | null; createdAt: string; updatedAt: string; }[]': length, pop, push, concat, and 35 more.
web typecheck: src/app/[locale]/dashboard/(club)/[clubId]/events/page.tsx(34,57): error TS2339: Property 'sortBy' does not exist on type '{ events: { id: string; name: string; description: string; clubId: string; image: string | null; slug: string | null; dateStart: string; dateEnd: string; dateRegistrationsClose: string; dateRegistrationsOpen: string; ... 14 more ...; updatedAt: string; }[]; pagination: { ...; }; }'.
web typecheck: src/app/[locale]/dashboard/(club)/[clubId]/events/rules/page.tsx(20,12): error TS2339: Property 'find' does not exist on type 'never[] | { rules: { id: string; name: string; description: string | null; content: string; clubId: string; eventId: string | null; createdAt: string; updatedAt: string; }[]; }'.
web typecheck:   Property 'find' does not exist on type '{ rules: { id: string; name: string; description: string | null; content: string; clubId: string; eventId: string | null; createdAt: string; updatedAt: string; }[]; }'.
web typecheck: src/app/[locale]/dashboard/(club)/[clubId]/events/rules/page.tsx(20,18): error TS7006: Parameter 'rule' implicitly has an 'any' type.
web typecheck: src/app/[locale]/dashboard/(club)/[clubId]/events/rules/page.tsx(24,49): error TS2322: Type 'never[] | { rules: { id: string; name: string; description: string | null; content: string; clubId: string; eventId: string | null; createdAt: string; updatedAt: string; }[]; }' is not assignable to type '{ id: string; name: string; description: string | null; content: string; clubId: string; eventId: string | null; createdAt: string; updatedAt: string; }[]'.
web typecheck:   Type '{ rules: { id: string; name: string; description: string | null; content: string; clubId: string; eventId: string | null; createdAt: string; updatedAt: string; }[]; }' is missing the following properties from type '{ id: string; name: string; description: string | null; content: string; clubId: string; eventId: string | null; createdAt: string; updatedAt: string; }[]': length, pop, push, concat, and 35 more.
web typecheck: src/app/[locale]/dashboard/(club)/[clubId]/members/_components/members-table.tsx(202,27): error TS2339: Property 'toLocaleDateString' does not exist on type 'string'.
web typecheck: src/app/[locale]/dashboard/(club)/[clubId]/members/_components/members-table.tsx(221,25): error TS2339: Property 'toLocaleDateString' does not exist on type 'string'.
web typecheck: src/app/[locale]/dashboard/(club)/[clubId]/members/invitations/page.tsx(55,27): error TS2322: Type '{ id: string; email: string; clubId: string; userId: string | null; status: "PENDING" | "ACCEPTED" | "REJECTED" | "EXPIRED" | "REVOKED" | "REQUESTED"; inviteCode: string; expiresAt: string; createdAt: string; updatedAt: string; userName: string | null; }[]' is not assignable to type 'FormattedInvite[]'.
web typecheck:   Property 'club' is missing in type '{ id: string; email: string; clubId: string; userId: string | null; status: "PENDING" | "ACCEPTED" | "REJECTED" | "EXPIRED" | "REVOKED" | "REQUESTED"; inviteCode: string; expiresAt: string; createdAt: string; updatedAt: string; userName: string | null; }' but required in type 'FormattedInvite'.
web typecheck: src/app/[locale]/dashboard/(club)/[clubId]/members/managers/page.tsx(66,24): error TS2322: Type '{ id: string; userId: string; clubId: string; role: "USER" | "MANAGER" | "CLUB_OWNER"; startDate: string | null; endDate: string | null; createdAt: string; updatedAt: string; userName: string; userCallsign: string | null; userAvatar: string | null; userSlug: string | null; user: { ...; }; }[]' is not assignable to type 'Manager[]'.
web typecheck:   Type '{ id: string; userId: string; clubId: string; role: "USER" | "MANAGER" | "CLUB_OWNER"; startDate: string | null; endDate: string | null; createdAt: string; updatedAt: string; userName: string; userCallsign: string | null; userAvatar: string | null; userSlug: string | null; user: { ...; }; }' is not assignable to type 'Manager'.
web typecheck:     Types of property 'createdAt' are incompatible.
web typecheck:       Type 'string' is not assignable to type 'Date'.
web typecheck: src/app/[locale]/dashboard/(club)/add-club/_components/request-access.form.tsx(42,74): error TS2345: Argument of type '{ params: { path: { id: string; }; }; }' is not assignable to parameter of type '{ params: { query?: undefined; header?: undefined; path: { id: string; }; cookie?: undefined; }; } & { body: { userEmail: string; userName?: string | undefined; }; } & { baseUrl?: string | undefined; querySerializer?: QuerySerializerOptions | ... 1 more ... | undefined; ... 4 more ...; middleware?: Middleware[] | un...'.
web typecheck:   Property 'body' is missing in type '{ params: { path: { id: string; }; }; }' but required in type '{ body: { userEmail: string; userName?: string | undefined; }; }'.
web typecheck: src/app/[locale]/dashboard/(club)/add-club/page.tsx(12,38): error TS2339: Property 'countries' does not exist on type 'Client<paths, `${string}/${string}`>'.
web typecheck: src/app/[locale]/dashboard/(platform)/admin/unclaimed-clubs/_components/edit-club-form.tsx(168,4): error TS2322: Type 'string | Date' is not assignable to type 'Date | undefined'.
web typecheck:   Type 'string' is not assignable to type 'Date'.
web typecheck: src/app/[locale]/dashboard/(platform)/admin/unclaimed-clubs/_components/edit-club-form.tsx(292,42): error TS2345: Argument of type '"/api/admin/unclaimed-clubs/{id}"' is not assignable to parameter of type 'PathsWithMethod<paths, "put">'.
web typecheck: src/app/[locale]/dashboard/(platform)/admin/unclaimed-clubs/_components/edit-club-form.tsx(334,38): error TS2345: Argument of type '(values: { name: string; countryId: number; location: string; description: string; dateFounded: Date; latitude?: number | undefined; longitude?: number | undefined; slug?: string | undefined; ... 9 more ...; instagramUsername?: string | undefined; }) => Promise<...>' is not assignable to parameter of type 'SubmitHandler<TFieldValues>'.
web typecheck:   Types of parameters 'values' and 'data' are incompatible.
web typecheck:     Type 'TFieldValues' is not assignable to type '{ name: string; countryId: number; location: string; description: string; dateFounded: Date; latitude?: number | undefined; longitude?: number | undefined; slug?: string | undefined; ... 9 more ...; instagramUsername?: string | undefined; }'.
web typecheck:       Type 'FieldValues' is missing the following properties from type '{ name: string; countryId: number; location: string; description: string; dateFounded: Date; latitude?: number | undefined; longitude?: number | undefined; slug?: string | undefined; ... 9 more ...; instagramUsername?: string | undefined; }': name, countryId, location, description, dateFounded
web typecheck: src/app/[locale]/dashboard/(platform)/admin/unclaimed-clubs/_components/edit-club-form.tsx(339,6): error TS2322: Type 'Control<{ name: string; countryId: number; location: string; description: string; dateFounded: Date; latitude?: number | undefined; longitude?: number | undefined; slug?: string | undefined; ... 9 more ...; instagramUsername?: string | undefined; }, any, TFieldValues>' is not assignable to type 'Control<{ name: string; countryId: number; location: string; description: string; dateFounded: Date; latitude?: number | undefined; longitude?: number | undefined; slug?: string | undefined; ... 9 more ...; instagramUsername?: string | undefined; }, any, { ...; }>'.
web typecheck:   The types of '_options.resolver' are incompatible between these types.
web typecheck:     Type 'Resolver<{ name: string; countryId: number; location: string; description: string; dateFounded: Date; latitude?: number | undefined; longitude?: number | undefined; slug?: string | undefined; ... 9 more ...; instagramUsername?: string | undefined; }, any, TFieldValues> | undefined' is not assignable to type 'Resolver<{ name: string; countryId: number; location: string; description: string; dateFounded: Date; latitude?: number | undefined; longitude?: number | undefined; slug?: string | undefined; ... 9 more ...; instagramUsername?: string | undefined; }, any, { ...; }> | undefined'.
web typecheck:       Type 'Resolver<{ name: string; countryId: number; location: string; description: string; dateFounded: Date; latitude?: number | undefined; longitude?: number | undefined; slug?: string | undefined; ... 9 more ...; instagramUsername?: string | undefined; }, any, TFieldValues>' is not assignable to type 'Resolver<{ name: string; countryId: number; location: string; description: string; dateFounded: Date; latitude?: number | undefined; longitude?: number | undefined; slug?: string | undefined; ... 9 more ...; instagramUsername?: string | undefined; }, any, { ...; }>'.
web typecheck:         Type 'ResolverResult<{ name: string; countryId: number; location: string; description: string; dateFounded: Date; latitude?: number | undefined; longitude?: number | undefined; slug?: string | undefined; ... 9 more ...; instagramUsername?: string | undefined; }, TFieldValues> | Promise<...>' is not assignable to type 'ResolverResult<{ name: string; countryId: number; location: string; description: string; dateFounded: Date; latitude?: number | undefined; longitude?: number | undefined; slug?: string | undefined; ... 9 more ...; instagramUsername?: string | undefined; }, { ...; }> | Promise<...>'.
web typecheck:           Type 'ResolverSuccess<TFieldValues>' is not assignable to type 'ResolverResult<{ name: string; countryId: number; location: string; description: string; dateFounded: Date; latitude?: number | undefined; longitude?: number | undefined; slug?: string | undefined; ... 9 more ...; instagramUsername?: string | undefined; }, { ...; }> | Promise<...>'.
web typecheck:             Type 'ResolverSuccess<TFieldValues>' is not assignable to type 'ResolverSuccess<{ name: string; countryId: number; location: string; description: string; dateFounded: Date; latitude?: number | undefined; longitude?: number | undefined; slug?: string | undefined; ... 9 more ...; instagramUsername?: string | undefined; }>'.
web typecheck:               Type 'TFieldValues' is not assignable to type '{ name: string; countryId: number; location: string; description: string; dateFounded: Date; latitude?: number | undefined; longitude?: number | undefined; slug?: string | undefined; ... 9 more ...; instagramUsername?: string | undefined; }'.
web typecheck:                 Type 'FieldValues' is missing the following properties from type '{ name: string; countryId: number; location: string; description: string; dateFounded: Date; latitude?: number | undefined; longitude?: number | undefined; slug?: string | undefined; ... 9 more ...; instagramUsername?: string | undefined; }': name, countryId, location, description, dateFounded
web typecheck: src/app/[locale]/dashboard/(platform)/admin/unclaimed-clubs/_components/edit-club-form.tsx(360,6): error TS2322: Type 'Control<{ name: string; countryId: number; location: string; description: string; dateFounded: Date; latitude?: number | undefined; longitude?: number | undefined; slug?: string | undefined; ... 9 more ...; instagramUsername?: string | undefined; }, any, TFieldValues>' is not assignable to type 'Control<{ name: string; countryId: number; location: string; description: string; dateFounded: Date; latitude?: number | undefined; longitude?: number | undefined; slug?: string | undefined; ... 9 more ...; instagramUsername?: string | undefined; }, any, { ...; }>'.
web typecheck:   The types of '_options.resolver' are incompatible between these types.
web typecheck:     Type 'Resolver<{ name: string; countryId: number; location: string; description: string; dateFounded: Date; latitude?: number | undefined; longitude?: number | undefined; slug?: string | undefined; ... 9 more ...; instagramUsername?: string | undefined; }, any, TFieldValues> | undefined' is not assignable to type 'Resolver<{ name: string; countryId: number; location: string; description: string; dateFounded: Date; latitude?: number | undefined; longitude?: number | undefined; slug?: string | undefined; ... 9 more ...; instagramUsername?: string | undefined; }, any, { ...; }> | undefined'.
web typecheck:       Type 'Resolver<{ name: string; countryId: number; location: string; description: string; dateFounded: Date; latitude?: number | undefined; longitude?: number | undefined; slug?: string | undefined; ... 9 more ...; instagramUsername?: string | undefined; }, any, TFieldValues>' is not assignable to type 'Resolver<{ name: string; countryId: number; location: string; description: string; dateFounded: Date; latitude?: number | undefined; longitude?: number | undefined; slug?: string | undefined; ... 9 more ...; instagramUsername?: string | undefined; }, any, { ...; }>'.
web typecheck:         Type 'ResolverResult<{ name: string; countryId: number; location: string; description: string; dateFounded: Date; latitude?: number | undefined; longitude?: number | undefined; slug?: string | undefined; ... 9 more ...; instagramUsername?: string | undefined; }, TFieldValues> | Promise<...>' is not assignable to type 'ResolverResult<{ name: string; countryId: number; location: string; description: string; dateFounded: Date; latitude?: number | undefined; longitude?: number | undefined; slug?: string | undefined; ... 9 more ...; instagramUsername?: string | undefined; }, { ...; }> | Promise<...>'.
web typecheck:           Type 'ResolverSuccess<TFieldValues>' is not assignable to type 'ResolverResult<{ name: string; countryId: number; location: string; description: string; dateFounded: Date; latitude?: number | undefined; longitude?: number | undefined; slug?: string | undefined; ... 9 more ...; instagramUsername?: string | undefined; }, { ...; }> | Promise<...>'.
web typecheck:             Type 'ResolverSuccess<TFieldValues>' is not assignable to type 'ResolverSuccess<{ name: string; countryId: number; location: string; description: string; dateFounded: Date; latitude?: number | undefined; longitude?: number | undefined; slug?: string | undefined; ... 9 more ...; instagramUsername?: string | undefined; }>'.
web typecheck:               Type 'TFieldValues' is not assignable to type '{ name: string; countryId: number; location: string; description: string; dateFounded: Date; latitude?: number | undefined; longitude?: number | undefined; slug?: string | undefined; ... 9 more ...; instagramUsername?: string | undefined; }'.
web typecheck:                 Type 'FieldValues' is missing the following properties from type '{ name: string; countryId: number; location: string; description: string; dateFounded: Date; latitude?: number | undefined; longitude?: number | undefined; slug?: string | undefined; ... 9 more ...; instagramUsername?: string | undefined; }': name, countryId, location, description, dateFounded
web typecheck: src/app/[locale]/dashboard/(platform)/admin/unclaimed-clubs/_components/edit-club-form.tsx(377,15): error TS2533: Object is possibly 'null' or 'undefined'.
web typecheck: src/app/[locale]/dashboard/(platform)/admin/unclaimed-clubs/_components/edit-club-form.tsx(391,33): error TS18049: 'country.translations' is possibly 'null' or 'undefined'.
web typecheck: src/app/[locale]/dashboard/(platform)/admin/unclaimed-clubs/_components/edit-club-form.tsx(426,6): error TS2322: Type 'Control<{ name: string; countryId: number; location: string; description: string; dateFounded: Date; latitude?: number | undefined; longitude?: number | undefined; slug?: string | undefined; ... 9 more ...; instagramUsername?: string | undefined; }, any, TFieldValues>' is not assignable to type 'Control<{ name: string; countryId: number; location: string; description: string; dateFounded: Date; latitude?: number | undefined; longitude?: number | undefined; slug?: string | undefined; ... 9 more ...; instagramUsername?: string | undefined; }, any, { ...; }>'.
web typecheck:   The types of '_options.resolver' are incompatible between these types.
web typecheck:     Type 'Resolver<{ name: string; countryId: number; location: string; description: string; dateFounded: Date; latitude?: number | undefined; longitude?: number | undefined; slug?: string | undefined; ... 9 more ...; instagramUsername?: string | undefined; }, any, TFieldValues> | undefined' is not assignable to type 'Resolver<{ name: string; countryId: number; location: string; description: string; dateFounded: Date; latitude?: number | undefined; longitude?: number | undefined; slug?: string | undefined; ... 9 more ...; instagramUsername?: string | undefined; }, any, { ...; }> | undefined'.
web typecheck:       Type 'Resolver<{ name: string; countryId: number; location: string; description: string; dateFounded: Date; latitude?: number | undefined; longitude?: number | undefined; slug?: string | undefined; ... 9 more ...; instagramUsername?: string | undefined; }, any, TFieldValues>' is not assignable to type 'Resolver<{ name: string; countryId: number; location: string; description: string; dateFounded: Date; latitude?: number | undefined; longitude?: number | undefined; slug?: string | undefined; ... 9 more ...; instagramUsername?: string | undefined; }, any, { ...; }>'.
web typecheck:         Type 'ResolverResult<{ name: string; countryId: number; location: string; description: string; dateFounded: Date; latitude?: number | undefined; longitude?: number | undefined; slug?: string | undefined; ... 9 more ...; instagramUsername?: string | undefined; }, TFieldValues> | Promise<...>' is not assignable to type 'ResolverResult<{ name: string; countryId: number; location: string; description: string; dateFounded: Date; latitude?: number | undefined; longitude?: number | undefined; slug?: string | undefined; ... 9 more ...; instagramUsername?: string | undefined; }, { ...; }> | Promise<...>'.
web typecheck:           Type 'ResolverSuccess<TFieldValues>' is not assignable to type 'ResolverResult<{ name: string; countryId: number; location: string; description: string; dateFounded: Date; latitude?: number | undefined; longitude?: number | undefined; slug?: string | undefined; ... 9 more ...; instagramUsername?: string | undefined; }, { ...; }> | Promise<...>'.
web typecheck:             Type 'ResolverSuccess<TFieldValues>' is not assignable to type 'ResolverSuccess<{ name: string; countryId: number; location: string; description: string; dateFounded: Date; latitude?: number | undefined; longitude?: number | undefined; slug?: string | undefined; ... 9 more ...; instagramUsername?: string | undefined; }>'.
web typecheck:               Type 'TFieldValues' is not assignable to type '{ name: string; countryId: number; location: string; description: string; dateFounded: Date; latitude?: number | undefined; longitude?: number | undefined; slug?: string | undefined; ... 9 more ...; instagramUsername?: string | undefined; }'.
web typecheck:                 Type 'FieldValues' is missing the following properties from type '{ name: string; countryId: number; location: string; description: string; dateFounded: Date; latitude?: number | undefined; longitude?: number | undefined; slug?: string | undefined; ... 9 more ...; instagramUsername?: string | undefined; }': name, countryId, location, description, dateFounded
web typecheck: src/app/[locale]/dashboard/(platform)/admin/unclaimed-clubs/_components/edit-club-form.tsx(493,6): error TS2322: Type 'Control<{ name: string; countryId: number; location: string; description: string; dateFounded: Date; latitude?: number | undefined; longitude?: number | undefined; slug?: string | undefined; ... 9 more ...; instagramUsername?: string | undefined; }, any, TFieldValues>' is not assignable to type 'Control<{ name: string; countryId: number; location: string; description: string; dateFounded: Date; latitude?: number | undefined; longitude?: number | undefined; slug?: string | undefined; ... 9 more ...; instagramUsername?: string | undefined; }, any, { ...; }>'.
web typecheck:   The types of '_options.resolver' are incompatible between these types.
web typecheck:     Type 'Resolver<{ name: string; countryId: number; location: string; description: string; dateFounded: Date; latitude?: number | undefined; longitude?: number | undefined; slug?: string | undefined; ... 9 more ...; instagramUsername?: string | undefined; }, any, TFieldValues> | undefined' is not assignable to type 'Resolver<{ name: string; countryId: number; location: string; description: string; dateFounded: Date; latitude?: number | undefined; longitude?: number | undefined; slug?: string | undefined; ... 9 more ...; instagramUsername?: string | undefined; }, any, { ...; }> | undefined'.
web typecheck:       Type 'Resolver<{ name: string; countryId: number; location: string; description: string; dateFounded: Date; latitude?: number | undefined; longitude?: number | undefined; slug?: string | undefined; ... 9 more ...; instagramUsername?: string | undefined; }, any, TFieldValues>' is not assignable to type 'Resolver<{ name: string; countryId: number; location: string; description: string; dateFounded: Date; latitude?: number | undefined; longitude?: number | undefined; slug?: string | undefined; ... 9 more ...; instagramUsername?: string | undefined; }, any, { ...; }>'.
web typecheck:         Type 'ResolverResult<{ name: string; countryId: number; location: string; description: string; dateFounded: Date; latitude?: number | undefined; longitude?: number | undefined; slug?: string | undefined; ... 9 more ...; instagramUsername?: string | undefined; }, TFieldValues> | Promise<...>' is not assignable to type 'ResolverResult<{ name: string; countryId: number; location: string; description: string; dateFounded: Date; latitude?: number | undefined; longitude?: number | undefined; slug?: string | undefined; ... 9 more ...; instagramUsername?: string | undefined; }, { ...; }> | Promise<...>'.
web typecheck:           Type 'ResolverSuccess<TFieldValues>' is not assignable to type 'ResolverResult<{ name: string; countryId: number; location: string; description: string; dateFounded: Date; latitude?: number | undefined; longitude?: number | undefined; slug?: string | undefined; ... 9 more ...; instagramUsername?: string | undefined; }, { ...; }> | Promise<...>'.
web typecheck:             Type 'ResolverSuccess<TFieldValues>' is not assignable to type 'ResolverSuccess<{ name: string; countryId: number; location: string; description: string; dateFounded: Date; latitude?: number | undefined; longitude?: number | undefined; slug?: string | undefined; ... 9 more ...; instagramUsername?: string | undefined; }>'.
web typecheck:               Type 'TFieldValues' is not assignable to type '{ name: string; countryId: number; location: string; description: string; dateFounded: Date; latitude?: number | undefined; longitude?: number | undefined; slug?: string | undefined; ... 9 more ...; instagramUsername?: string | undefined; }'.
web typecheck:                 Type 'FieldValues' is missing the following properties from type '{ name: string; countryId: number; location: string; description: string; dateFounded: Date; latitude?: number | undefined; longitude?: number | undefined; slug?: string | undefined; ... 9 more ...; instagramUsername?: string | undefined; }': name, countryId, location, description, dateFounded
web typecheck: src/app/[locale]/dashboard/(platform)/admin/unclaimed-clubs/_components/edit-club-form.tsx(510,6): error TS2322: Type 'Control<{ name: string; countryId: number; location: string; description: string; dateFounded: Date; latitude?: number | undefined; longitude?: number | undefined; slug?: string | undefined; ... 9 more ...; instagramUsername?: string | undefined; }, any, TFieldValues>' is not assignable to type 'Control<{ name: string; countryId: number; location: string; description: string; dateFounded: Date; latitude?: number | undefined; longitude?: number | undefined; slug?: string | undefined; ... 9 more ...; instagramUsername?: string | undefined; }, any, { ...; }>'.
web typecheck:   The types of '_options.resolver' are incompatible between these types.
web typecheck:     Type 'Resolver<{ name: string; countryId: number; location: string; description: string; dateFounded: Date; latitude?: number | undefined; longitude?: number | undefined; slug?: string | undefined; ... 9 more ...; instagramUsername?: string | undefined; }, any, TFieldValues> | undefined' is not assignable to type 'Resolver<{ name: string; countryId: number; location: string; description: string; dateFounded: Date; latitude?: number | undefined; longitude?: number | undefined; slug?: string | undefined; ... 9 more ...; instagramUsername?: string | undefined; }, any, { ...; }> | undefined'.
web typecheck:       Type 'Resolver<{ name: string; countryId: number; location: string; description: string; dateFounded: Date; latitude?: number | undefined; longitude?: number | undefined; slug?: string | undefined; ... 9 more ...; instagramUsername?: string | undefined; }, any, TFieldValues>' is not assignable to type 'Resolver<{ name: string; countryId: number; location: string; description: string; dateFounded: Date; latitude?: number | undefined; longitude?: number | undefined; slug?: string | undefined; ... 9 more ...; instagramUsername?: string | undefined; }, any, { ...; }>'.
web typecheck:         Type 'ResolverResult<{ name: string; countryId: number; location: string; description: string; dateFounded: Date; latitude?: number | undefined; longitude?: number | undefined; slug?: string | undefined; ... 9 more ...; instagramUsername?: string | undefined; }, TFieldValues> | Promise<...>' is not assignable to type 'ResolverResult<{ name: string; countryId: number; location: string; description: string; dateFounded: Date; latitude?: number | undefined; longitude?: number | undefined; slug?: string | undefined; ... 9 more ...; instagramUsername?: string | undefined; }, { ...; }> | Promise<...>'.
web typecheck:           Type 'ResolverSuccess<TFieldValues>' is not assignable to type 'ResolverResult<{ name: string; countryId: number; location: string; description: string; dateFounded: Date; latitude?: number | undefined; longitude?: number | undefined; slug?: string | undefined; ... 9 more ...; instagramUsername?: string | undefined; }, { ...; }> | Promise<...>'.
web typecheck:             Type 'ResolverSuccess<TFieldValues>' is not assignable to type 'ResolverSuccess<{ name: string; countryId: number; location: string; description: string; dateFounded: Date; latitude?: number | undefined; longitude?: number | undefined; slug?: string | undefined; ... 9 more ...; instagramUsername?: string | undefined; }>'.
web typecheck:               Type 'TFieldValues' is not assignable to type '{ name: string; countryId: number; location: string; description: string; dateFounded: Date; latitude?: number | undefined; longitude?: number | undefined; slug?: string | undefined; ... 9 more ...; instagramUsername?: string | undefined; }'.
web typecheck:                 Type 'FieldValues' is missing the following properties from type '{ name: string; countryId: number; location: string; description: string; dateFounded: Date; latitude?: number | undefined; longitude?: number | undefined; slug?: string | undefined; ... 9 more ...; instagramUsername?: string | undefined; }': name, countryId, location, description, dateFounded
web typecheck: src/app/[locale]/dashboard/(platform)/admin/unclaimed-clubs/_components/edit-club-form.tsx(532,6): error TS2322: Type 'Control<{ name: string; countryId: number; location: string; description: string; dateFounded: Date; latitude?: number | undefined; longitude?: number | undefined; slug?: string | undefined; ... 9 more ...; instagramUsername?: string | undefined; }, any, TFieldValues>' is not assignable to type 'Control<{ name: string; countryId: number; location: string; description: string; dateFounded: Date; latitude?: number | undefined; longitude?: number | undefined; slug?: string | undefined; ... 9 more ...; instagramUsername?: string | undefined; }, any, { ...; }>'.
web typecheck:   The types of '_options.resolver' are incompatible between these types.
web typecheck:     Type 'Resolver<{ name: string; countryId: number; location: string; description: string; dateFounded: Date; latitude?: number | undefined; longitude?: number | undefined; slug?: string | undefined; ... 9 more ...; instagramUsername?: string | undefined; }, any, TFieldValues> | undefined' is not assignable to type 'Resolver<{ name: string; countryId: number; location: string; description: string; dateFounded: Date; latitude?: number | undefined; longitude?: number | undefined; slug?: string | undefined; ... 9 more ...; instagramUsername?: string | undefined; }, any, { ...; }> | undefined'.
web typecheck:       Type 'Resolver<{ name: string; countryId: number; location: string; description: string; dateFounded: Date; latitude?: number | undefined; longitude?: number | undefined; slug?: string | undefined; ... 9 more ...; instagramUsername?: string | undefined; }, any, TFieldValues>' is not assignable to type 'Resolver<{ name: string; countryId: number; location: string; description: string; dateFounded: Date; latitude?: number | undefined; longitude?: number | undefined; slug?: string | undefined; ... 9 more ...; instagramUsername?: string | undefined; }, any, { ...; }>'.
web typecheck:         Type 'ResolverResult<{ name: string; countryId: number; location: string; description: string; dateFounded: Date; latitude?: number | undefined; longitude?: number | undefined; slug?: string | undefined; ... 9 more ...; instagramUsername?: string | undefined; }, TFieldValues> | Promise<...>' is not assignable to type 'ResolverResult<{ name: string; countryId: number; location: string; description: string; dateFounded: Date; latitude?: number | undefined; longitude?: number | undefined; slug?: string | undefined; ... 9 more ...; instagramUsername?: string | undefined; }, { ...; }> | Promise<...>'.
web typecheck:           Type 'ResolverSuccess<TFieldValues>' is not assignable to type 'ResolverResult<{ name: string; countryId: number; location: string; description: string; dateFounded: Date; latitude?: number | undefined; longitude?: number | undefined; slug?: string | undefined; ... 9 more ...; instagramUsername?: string | undefined; }, { ...; }> | Promise<...>'.
web typecheck:             Type 'ResolverSuccess<TFieldValues>' is not assignable to type 'ResolverSuccess<{ name: string; countryId: number; location: string; description: string; dateFounded: Date; latitude?: number | undefined; longitude?: number | undefined; slug?: string | undefined; ... 9 more ...; instagramUsername?: string | undefined; }>'.
web typecheck:               Type 'TFieldValues' is not assignable to type '{ name: string; countryId: number; location: string; description: string; dateFounded: Date; latitude?: number | undefined; longitude?: number | undefined; slug?: string | undefined; ... 9 more ...; instagramUsername?: string | undefined; }'.
web typecheck:                 Type 'FieldValues' is missing the following properties from type '{ name: string; countryId: number; location: string; description: string; dateFounded: Date; latitude?: number | undefined; longitude?: number | undefined; slug?: string | undefined; ... 9 more ...; instagramUsername?: string | undefined; }': name, countryId, location, description, dateFounded
web typecheck: src/app/[locale]/dashboard/(platform)/admin/unclaimed-clubs/_components/edit-club-form.tsx(567,6): error TS2322: Type 'Control<{ name: string; countryId: number; location: string; description: string; dateFounded: Date; latitude?: number | undefined; longitude?: number | undefined; slug?: string | undefined; ... 9 more ...; instagramUsername?: string | undefined; }, any, TFieldValues>' is not assignable to type 'Control<{ name: string; countryId: number; location: string; description: string; dateFounded: Date; latitude?: number | undefined; longitude?: number | undefined; slug?: string | undefined; ... 9 more ...; instagramUsername?: string | undefined; }, any, { ...; }>'.
web typecheck:   The types of '_options.resolver' are incompatible between these types.
web typecheck:     Type 'Resolver<{ name: string; countryId: number; location: string; description: string; dateFounded: Date; latitude?: number | undefined; longitude?: number | undefined; slug?: string | undefined; ... 9 more ...; instagramUsername?: string | undefined; }, any, TFieldValues> | undefined' is not assignable to type 'Resolver<{ name: string; countryId: number; location: string; description: string; dateFounded: Date; latitude?: number | undefined; longitude?: number | undefined; slug?: string | undefined; ... 9 more ...; instagramUsername?: string | undefined; }, any, { ...; }> | undefined'.
web typecheck:       Type 'Resolver<{ name: string; countryId: number; location: string; description: string; dateFounded: Date; latitude?: number | undefined; longitude?: number | undefined; slug?: string | undefined; ... 9 more ...; instagramUsername?: string | undefined; }, any, TFieldValues>' is not assignable to type 'Resolver<{ name: string; countryId: number; location: string; description: string; dateFounded: Date; latitude?: number | undefined; longitude?: number | undefined; slug?: string | undefined; ... 9 more ...; instagramUsername?: string | undefined; }, any, { ...; }>'.
web typecheck:         Type 'ResolverResult<{ name: string; countryId: number; location: string; description: string; dateFounded: Date; latitude?: number | undefined; longitude?: number | undefined; slug?: string | undefined; ... 9 more ...; instagramUsername?: string | undefined; }, TFieldValues> | Promise<...>' is not assignable to type 'ResolverResult<{ name: string; countryId: number; location: string; description: string; dateFounded: Date; latitude?: number | undefined; longitude?: number | undefined; slug?: string | undefined; ... 9 more ...; instagramUsername?: string | undefined; }, { ...; }> | Promise<...>'.
web typecheck:           Type 'ResolverSuccess<TFieldValues>' is not assignable to type 'ResolverResult<{ name: string; countryId: number; location: string; description: string; dateFounded: Date; latitude?: number | undefined; longitude?: number | undefined; slug?: string | undefined; ... 9 more ...; instagramUsername?: string | undefined; }, { ...; }> | Promise<...>'.
web typecheck:             Type 'ResolverSuccess<TFieldValues>' is not assignable to type 'ResolverSuccess<{ name: string; countryId: number; location: string; description: string; dateFounded: Date; latitude?: number | undefined; longitude?: number | undefined; slug?: string | undefined; ... 9 more ...; instagramUsername?: string | undefined; }>'.
web typecheck:               Type 'TFieldValues' is not assignable to type '{ name: string; countryId: number; location: string; description: string; dateFounded: Date; latitude?: number | undefined; longitude?: number | undefined; slug?: string | undefined; ... 9 more ...; instagramUsername?: string | undefined; }'.
web typecheck:                 Type 'FieldValues' is missing the following properties from type '{ name: string; countryId: number; location: string; description: string; dateFounded: Date; latitude?: number | undefined; longitude?: number | undefined; slug?: string | undefined; ... 9 more ...; instagramUsername?: string | undefined; }': name, countryId, location, description, dateFounded
web typecheck: src/app/[locale]/dashboard/(platform)/admin/unclaimed-clubs/_components/edit-club-form.tsx(585,6): error TS2322: Type 'Control<{ name: string; countryId: number; location: string; description: string; dateFounded: Date; latitude?: number | undefined; longitude?: number | undefined; slug?: string | undefined; ... 9 more ...; instagramUsername?: string | undefined; }, any, TFieldValues>' is not assignable to type 'Control<{ name: string; countryId: number; location: string; description: string; dateFounded: Date; latitude?: number | undefined; longitude?: number | undefined; slug?: string | undefined; ... 9 more ...; instagramUsername?: string | undefined; }, any, { ...; }>'.
web typecheck:   The types of '_options.resolver' are incompatible between these types.
web typecheck:     Type 'Resolver<{ name: string; countryId: number; location: string; description: string; dateFounded: Date; latitude?: number | undefined; longitude?: number | undefined; slug?: string | undefined; ... 9 more ...; instagramUsername?: string | undefined; }, any, TFieldValues> | undefined' is not assignable to type 'Resolver<{ name: string; countryId: number; location: string; description: string; dateFounded: Date; latitude?: number | undefined; longitude?: number | undefined; slug?: string | undefined; ... 9 more ...; instagramUsername?: string | undefined; }, any, { ...; }> | undefined'.
web typecheck:       Type 'Resolver<{ name: string; countryId: number; location: string; description: string; dateFounded: Date; latitude?: number | undefined; longitude?: number | undefined; slug?: string | undefined; ... 9 more ...; instagramUsername?: string | undefined; }, any, TFieldValues>' is not assignable to type 'Resolver<{ name: string; countryId: number; location: string; description: string; dateFounded: Date; latitude?: number | undefined; longitude?: number | undefined; slug?: string | undefined; ... 9 more ...; instagramUsername?: string | undefined; }, any, { ...; }>'.
web typecheck:         Type 'ResolverResult<{ name: string; countryId: number; location: string; description: string; dateFounded: Date; latitude?: number | undefined; longitude?: number | undefined; slug?: string | undefined; ... 9 more ...; instagramUsername?: string | undefined; }, TFieldValues> | Promise<...>' is not assignable to type 'ResolverResult<{ name: string; countryId: number; location: string; description: string; dateFounded: Date; latitude?: number | undefined; longitude?: number | undefined; slug?: string | undefined; ... 9 more ...; instagramUsername?: string | undefined; }, { ...; }> | Promise<...>'.
web typecheck:           Type 'ResolverSuccess<TFieldValues>' is not assignable to type 'ResolverResult<{ name: string; countryId: number; location: string; description: string; dateFounded: Date; latitude?: number | undefined; longitude?: number | undefined; slug?: string | undefined; ... 9 more ...; instagramUsername?: string | undefined; }, { ...; }> | Promise<...>'.
web typecheck:             Type 'ResolverSuccess<TFieldValues>' is not assignable to type 'ResolverSuccess<{ name: string; countryId: number; location: string; description: string; dateFounded: Date; latitude?: number | undefined; longitude?: number | undefined; slug?: string | undefined; ... 9 more ...; instagramUsername?: string | undefined; }>'.
web typecheck:               Type 'TFieldValues' is not assignable to type '{ name: string; countryId: number; location: string; description: string; dateFounded: Date; latitude?: number | undefined; longitude?: number | undefined; slug?: string | undefined; ... 9 more ...; instagramUsername?: string | undefined; }'.
web typecheck:                 Type 'FieldValues' is missing the following properties from type '{ name: string; countryId: number; location: string; description: string; dateFounded: Date; latitude?: number | undefined; longitude?: number | undefined; slug?: string | undefined; ... 9 more ...; instagramUsername?: string | undefined; }': name, countryId, location, description, dateFounded
web typecheck: src/app/[locale]/dashboard/(platform)/admin/unclaimed-clubs/_components/edit-club-form.tsx(603,6): error TS2322: Type 'Control<{ name: string; countryId: number; location: string; description: string; dateFounded: Date; latitude?: number | undefined; longitude?: number | undefined; slug?: string | undefined; ... 9 more ...; instagramUsername?: string | undefined; }, any, TFieldValues>' is not assignable to type 'Control<{ name: string; countryId: number; location: string; description: string; dateFounded: Date; latitude?: number | undefined; longitude?: number | undefined; slug?: string | undefined; ... 9 more ...; instagramUsername?: string | undefined; }, any, { ...; }>'.
web typecheck:   The types of '_options.resolver' are incompatible between these types.
web typecheck:     Type 'Resolver<{ name: string; countryId: number; location: string; description: string; dateFounded: Date; latitude?: number | undefined; longitude?: number | undefined; slug?: string | undefined; ... 9 more ...; instagramUsername?: string | undefined; }, any, TFieldValues> | undefined' is not assignable to type 'Resolver<{ name: string; countryId: number; location: string; description: string; dateFounded: Date; latitude?: number | undefined; longitude?: number | undefined; slug?: string | undefined; ... 9 more ...; instagramUsername?: string | undefined; }, any, { ...; }> | undefined'.
web typecheck:       Type 'Resolver<{ name: string; countryId: number; location: string; description: string; dateFounded: Date; latitude?: number | undefined; longitude?: number | undefined; slug?: string | undefined; ... 9 more ...; instagramUsername?: string | undefined; }, any, TFieldValues>' is not assignable to type 'Resolver<{ name: string; countryId: number; location: string; description: string; dateFounded: Date; latitude?: number | undefined; longitude?: number | undefined; slug?: string | undefined; ... 9 more ...; instagramUsername?: string | undefined; }, any, { ...; }>'.
web typecheck:         Type 'ResolverResult<{ name: string; countryId: number; location: string; description: string; dateFounded: Date; latitude?: number | undefined; longitude?: number | undefined; slug?: string | undefined; ... 9 more ...; instagramUsername?: string | undefined; }, TFieldValues> | Promise<...>' is not assignable to type 'ResolverResult<{ name: string; countryId: number; location: string; description: string; dateFounded: Date; latitude?: number | undefined; longitude?: number | undefined; slug?: string | undefined; ... 9 more ...; instagramUsername?: string | undefined; }, { ...; }> | Promise<...>'.
web typecheck:           Type 'ResolverSuccess<TFieldValues>' is not assignable to type 'ResolverResult<{ name: string; countryId: number; location: string; description: string; dateFounded: Date; latitude?: number | undefined; longitude?: number | undefined; slug?: string | undefined; ... 9 more ...; instagramUsername?: string | undefined; }, { ...; }> | Promise<...>'.
web typecheck:             Type 'ResolverSuccess<TFieldValues>' is not assignable to type 'ResolverSuccess<{ name: string; countryId: number; location: string; description: string; dateFounded: Date; latitude?: number | undefined; longitude?: number | undefined; slug?: string | undefined; ... 9 more ...; instagramUsername?: string | undefined; }>'.
web typecheck:               Type 'TFieldValues' is not assignable to type '{ name: string; countryId: number; location: string; description: string; dateFounded: Date; latitude?: number | undefined; longitude?: number | undefined; slug?: string | undefined; ... 9 more ...; instagramUsername?: string | undefined; }'.
web typecheck:                 Type 'FieldValues' is missing the following properties from type '{ name: string; countryId: number; location: string; description: string; dateFounded: Date; latitude?: number | undefined; longitude?: number | undefined; slug?: string | undefined; ... 9 more ...; instagramUsername?: string | undefined; }': name, countryId, location, description, dateFounded
web typecheck: src/app/[locale]/dashboard/(platform)/admin/unclaimed-clubs/_components/edit-club-form.tsx(621,6): error TS2322: Type 'Control<{ name: string; countryId: number; location: string; description: string; dateFounded: Date; latitude?: number | undefined; longitude?: number | undefined; slug?: string | undefined; ... 9 more ...; instagramUsername?: string | undefined; }, any, TFieldValues>' is not assignable to type 'Control<{ name: string; countryId: number; location: string; description: string; dateFounded: Date; latitude?: number | undefined; longitude?: number | undefined; slug?: string | undefined; ... 9 more ...; instagramUsername?: string | undefined; }, any, { ...; }>'.
web typecheck:   The types of '_options.resolver' are incompatible between these types.
web typecheck:     Type 'Resolver<{ name: string; countryId: number; location: string; description: string; dateFounded: Date; latitude?: number | undefined; longitude?: number | undefined; slug?: string | undefined; ... 9 more ...; instagramUsername?: string | undefined; }, any, TFieldValues> | undefined' is not assignable to type 'Resolver<{ name: string; countryId: number; location: string; description: string; dateFounded: Date; latitude?: number | undefined; longitude?: number | undefined; slug?: string | undefined; ... 9 more ...; instagramUsername?: string | undefined; }, any, { ...; }> | undefined'.
web typecheck:       Type 'Resolver<{ name: string; countryId: number; location: string; description: string; dateFounded: Date; latitude?: number | undefined; longitude?: number | undefined; slug?: string | undefined; ... 9 more ...; instagramUsername?: string | undefined; }, any, TFieldValues>' is not assignable to type 'Resolver<{ name: string; countryId: number; location: string; description: string; dateFounded: Date; latitude?: number | undefined; longitude?: number | undefined; slug?: string | undefined; ... 9 more ...; instagramUsername?: string | undefined; }, any, { ...; }>'.
web typecheck:         Type 'ResolverResult<{ name: string; countryId: number; location: string; description: string; dateFounded: Date; latitude?: number | undefined; longitude?: number | undefined; slug?: string | undefined; ... 9 more ...; instagramUsername?: string | undefined; }, TFieldValues> | Promise<...>' is not assignable to type 'ResolverResult<{ name: string; countryId: number; location: string; description: string; dateFounded: Date; latitude?: number | undefined; longitude?: number | undefined; slug?: string | undefined; ... 9 more ...; instagramUsername?: string | undefined; }, { ...; }> | Promise<...>'.
web typecheck:           Type 'ResolverSuccess<TFieldValues>' is not assignable to type 'ResolverResult<{ name: string; countryId: number; location: string; description: string; dateFounded: Date; latitude?: number | undefined; longitude?: number | undefined; slug?: string | undefined; ... 9 more ...; instagramUsername?: string | undefined; }, { ...; }> | Promise<...>'.
web typecheck:             Type 'ResolverSuccess<TFieldValues>' is not assignable to type 'ResolverSuccess<{ name: string; countryId: number; location: string; description: string; dateFounded: Date; latitude?: number | undefined; longitude?: number | undefined; slug?: string | undefined; ... 9 more ...; instagramUsername?: string | undefined; }>'.
web typecheck:               Type 'TFieldValues' is not assignable to type '{ name: string; countryId: number; location: string; description: string; dateFounded: Date; latitude?: number | undefined; longitude?: number | undefined; slug?: string | undefined; ... 9 more ...; instagramUsername?: string | undefined; }'.
web typecheck:                 Type 'FieldValues' is missing the following properties from type '{ name: string; countryId: number; location: string; description: string; dateFounded: Date; latitude?: number | undefined; longitude?: number | undefined; slug?: string | undefined; ... 9 more ...; instagramUsername?: string | undefined; }': name, countryId, location, description, dateFounded
web typecheck: src/app/[locale]/dashboard/(platform)/admin/unclaimed-clubs/_components/edit-club-form.tsx(648,6): error TS2322: Type 'Control<{ name: string; countryId: number; location: string; description: string; dateFounded: Date; latitude?: number | undefined; longitude?: number | undefined; slug?: string | undefined; ... 9 more ...; instagramUsername?: string | undefined; }, any, TFieldValues>' is not assignable to type 'Control<{ name: string; countryId: number; location: string; description: string; dateFounded: Date; latitude?: number | undefined; longitude?: number | undefined; slug?: string | undefined; ... 9 more ...; instagramUsername?: string | undefined; }, any, { ...; }>'.
web typecheck:   The types of '_options.resolver' are incompatible between these types.
web typecheck:     Type 'Resolver<{ name: string; countryId: number; location: string; description: string; dateFounded: Date; latitude?: number | undefined; longitude?: number | undefined; slug?: string | undefined; ... 9 more ...; instagramUsername?: string | undefined; }, any, TFieldValues> | undefined' is not assignable to type 'Resolver<{ name: string; countryId: number; location: string; description: string; dateFounded: Date; latitude?: number | undefined; longitude?: number | undefined; slug?: string | undefined; ... 9 more ...; instagramUsername?: string | undefined; }, any, { ...; }> | undefined'.
web typecheck:       Type 'Resolver<{ name: string; countryId: number; location: string; description: string; dateFounded: Date; latitude?: number | undefined; longitude?: number | undefined; slug?: string | undefined; ... 9 more ...; instagramUsername?: string | undefined; }, any, TFieldValues>' is not assignable to type 'Resolver<{ name: string; countryId: number; location: string; description: string; dateFounded: Date; latitude?: number | undefined; longitude?: number | undefined; slug?: string | undefined; ... 9 more ...; instagramUsername?: string | undefined; }, any, { ...; }>'.
web typecheck:         Type 'ResolverResult<{ name: string; countryId: number; location: string; description: string; dateFounded: Date; latitude?: number | undefined; longitude?: number | undefined; slug?: string | undefined; ... 9 more ...; instagramUsername?: string | undefined; }, TFieldValues> | Promise<...>' is not assignable to type 'ResolverResult<{ name: string; countryId: number; location: string; description: string; dateFounded: Date; latitude?: number | undefined; longitude?: number | undefined; slug?: string | undefined; ... 9 more ...; instagramUsername?: string | undefined; }, { ...; }> | Promise<...>'.
web typecheck:           Type 'ResolverSuccess<TFieldValues>' is not assignable to type 'ResolverResult<{ name: string; countryId: number; location: string; description: string; dateFounded: Date; latitude?: number | undefined; longitude?: number | undefined; slug?: string | undefined; ... 9 more ...; instagramUsername?: string | undefined; }, { ...; }> | Promise<...>'.
web typecheck:             Type 'ResolverSuccess<TFieldValues>' is not assignable to type 'ResolverSuccess<{ name: string; countryId: number; location: string; description: string; dateFounded: Date; latitude?: number | undefined; longitude?: number | undefined; slug?: string | undefined; ... 9 more ...; instagramUsername?: string | undefined; }>'.
web typecheck:               Type 'TFieldValues' is not assignable to type '{ name: string; countryId: number; location: string; description: string; dateFounded: Date; latitude?: number | undefined; longitude?: number | undefined; slug?: string | undefined; ... 9 more ...; instagramUsername?: string | undefined; }'.
web typecheck:                 Type 'FieldValues' is missing the following properties from type '{ name: string; countryId: number; location: string; description: string; dateFounded: Date; latitude?: number | undefined; longitude?: number | undefined; slug?: string | undefined; ... 9 more ...; instagramUsername?: string | undefined; }': name, countryId, location, description, dateFounded
web typecheck: src/app/[locale]/dashboard/(platform)/admin/unclaimed-clubs/_components/edit-club-form.tsx(677,6): error TS2322: Type 'Control<{ name: string; countryId: number; location: string; description: string; dateFounded: Date; latitude?: number | undefined; longitude?: number | undefined; slug?: string | undefined; ... 9 more ...; instagramUsername?: string | undefined; }, any, TFieldValues>' is not assignable to type 'Control<{ name: string; countryId: number; location: string; description: string; dateFounded: Date; latitude?: number | undefined; longitude?: number | undefined; slug?: string | undefined; ... 9 more ...; instagramUsername?: string | undefined; }, any, { ...; }>'.
web typecheck:   The types of '_options.resolver' are incompatible between these types.
web typecheck:     Type 'Resolver<{ name: string; countryId: number; location: string; description: string; dateFounded: Date; latitude?: number | undefined; longitude?: number | undefined; slug?: string | undefined; ... 9 more ...; instagramUsername?: string | undefined; }, any, TFieldValues> | undefined' is not assignable to type 'Resolver<{ name: string; countryId: number; location: string; description: string; dateFounded: Date; latitude?: number | undefined; longitude?: number | undefined; slug?: string | undefined; ... 9 more ...; instagramUsername?: string | undefined; }, any, { ...; }> | undefined'.
web typecheck:       Type 'Resolver<{ name: string; countryId: number; location: string; description: string; dateFounded: Date; latitude?: number | undefined; longitude?: number | undefined; slug?: string | undefined; ... 9 more ...; instagramUsername?: string | undefined; }, any, TFieldValues>' is not assignable to type 'Resolver<{ name: string; countryId: number; location: string; description: string; dateFounded: Date; latitude?: number | undefined; longitude?: number | undefined; slug?: string | undefined; ... 9 more ...; instagramUsername?: string | undefined; }, any, { ...; }>'.
web typecheck:         Type 'ResolverResult<{ name: string; countryId: number; location: string; description: string; dateFounded: Date; latitude?: number | undefined; longitude?: number | undefined; slug?: string | undefined; ... 9 more ...; instagramUsername?: string | undefined; }, TFieldValues> | Promise<...>' is not assignable to type 'ResolverResult<{ name: string; countryId: number; location: string; description: string; dateFounded: Date; latitude?: number | undefined; longitude?: number | undefined; slug?: string | undefined; ... 9 more ...; instagramUsername?: string | undefined; }, { ...; }> | Promise<...>'.
web typecheck:           Type 'ResolverSuccess<TFieldValues>' is not assignable to type 'ResolverResult<{ name: string; countryId: number; location: string; description: string; dateFounded: Date; latitude?: number | undefined; longitude?: number | undefined; slug?: string | undefined; ... 9 more ...; instagramUsername?: string | undefined; }, { ...; }> | Promise<...>'.
web typecheck:             Type 'ResolverSuccess<TFieldValues>' is not assignable to type 'ResolverSuccess<{ name: string; countryId: number; location: string; description: string; dateFounded: Date; latitude?: number | undefined; longitude?: number | undefined; slug?: string | undefined; ... 9 more ...; instagramUsername?: string | undefined; }>'.
web typecheck:               Type 'TFieldValues' is not assignable to type '{ name: string; countryId: number; location: string; description: string; dateFounded: Date; latitude?: number | undefined; longitude?: number | undefined; slug?: string | undefined; ... 9 more ...; instagramUsername?: string | undefined; }'.
web typecheck:                 Type 'FieldValues' is missing the following properties from type '{ name: string; countryId: number; location: string; description: string; dateFounded: Date; latitude?: number | undefined; longitude?: number | undefined; slug?: string | undefined; ... 9 more ...; instagramUsername?: string | undefined; }': name, countryId, location, description, dateFounded
web typecheck: src/app/[locale]/dashboard/(platform)/admin/unclaimed-clubs/_components/edit-club-form.tsx(694,6): error TS2322: Type 'Control<{ name: string; countryId: number; location: string; description: string; dateFounded: Date; latitude?: number | undefined; longitude?: number | undefined; slug?: string | undefined; ... 9 more ...; instagramUsername?: string | undefined; }, any, TFieldValues>' is not assignable to type 'Control<{ name: string; countryId: number; location: string; description: string; dateFounded: Date; latitude?: number | undefined; longitude?: number | undefined; slug?: string | undefined; ... 9 more ...; instagramUsername?: string | undefined; }, any, { ...; }>'.
web typecheck:   The types of '_options.resolver' are incompatible between these types.
web typecheck:     Type 'Resolver<{ name: string; countryId: number; location: string; description: string; dateFounded: Date; latitude?: number | undefined; longitude?: number | undefined; slug?: string | undefined; ... 9 more ...; instagramUsername?: string | undefined; }, any, TFieldValues> | undefined' is not assignable to type 'Resolver<{ name: string; countryId: number; location: string; description: string; dateFounded: Date; latitude?: number | undefined; longitude?: number | undefined; slug?: string | undefined; ... 9 more ...; instagramUsername?: string | undefined; }, any, { ...; }> | undefined'.
web typecheck:       Type 'Resolver<{ name: string; countryId: number; location: string; description: string; dateFounded: Date; latitude?: number | undefined; longitude?: number | undefined; slug?: string | undefined; ... 9 more ...; instagramUsername?: string | undefined; }, any, TFieldValues>' is not assignable to type 'Resolver<{ name: string; countryId: number; location: string; description: string; dateFounded: Date; latitude?: number | undefined; longitude?: number | undefined; slug?: string | undefined; ... 9 more ...; instagramUsername?: string | undefined; }, any, { ...; }>'.
web typecheck:         Type 'ResolverResult<{ name: string; countryId: number; location: string; description: string; dateFounded: Date; latitude?: number | undefined; longitude?: number | undefined; slug?: string | undefined; ... 9 more ...; instagramUsername?: string | undefined; }, TFieldValues> | Promise<...>' is not assignable to type 'ResolverResult<{ name: string; countryId: number; location: string; description: string; dateFounded: Date; latitude?: number | undefined; longitude?: number | undefined; slug?: string | undefined; ... 9 more ...; instagramUsername?: string | undefined; }, { ...; }> | Promise<...>'.
web typecheck:           Type 'ResolverSuccess<TFieldValues>' is not assignable to type 'ResolverResult<{ name: string; countryId: number; location: string; description: string; dateFounded: Date; latitude?: number | undefined; longitude?: number | undefined; slug?: string | undefined; ... 9 more ...; instagramUsername?: string | undefined; }, { ...; }> | Promise<...>'.
web typecheck:             Type 'ResolverSuccess<TFieldValues>' is not assignable to type 'ResolverSuccess<{ name: string; countryId: number; location: string; description: string; dateFounded: Date; latitude?: number | undefined; longitude?: number | undefined; slug?: string | undefined; ... 9 more ...; instagramUsername?: string | undefined; }>'.
web typecheck:               Type 'TFieldValues' is not assignable to type '{ name: string; countryId: number; location: string; description: string; dateFounded: Date; latitude?: number | undefined; longitude?: number | undefined; slug?: string | undefined; ... 9 more ...; instagramUsername?: string | undefined; }'.
web typecheck:                 Type 'FieldValues' is missing the following properties from type '{ name: string; countryId: number; location: string; description: string; dateFounded: Date; latitude?: number | undefined; longitude?: number | undefined; slug?: string | undefined; ... 9 more ...; instagramUsername?: string | undefined; }': name, countryId, location, description, dateFounded
web typecheck: src/app/[locale]/dashboard/(platform)/admin/unclaimed-clubs/_components/edit-club-form.tsx(711,6): error TS2322: Type 'Control<{ name: string; countryId: number; location: string; description: string; dateFounded: Date; latitude?: number | undefined; longitude?: number | undefined; slug?: string | undefined; ... 9 more ...; instagramUsername?: string | undefined; }, any, TFieldValues>' is not assignable to type 'Control<{ name: string; countryId: number; location: string; description: string; dateFounded: Date; latitude?: number | undefined; longitude?: number | undefined; slug?: string | undefined; ... 9 more ...; instagramUsername?: string | undefined; }, any, { ...; }>'.
web typecheck:   The types of '_options.resolver' are incompatible between these types.
web typecheck:     Type 'Resolver<{ name: string; countryId: number; location: string; description: string; dateFounded: Date; latitude?: number | undefined; longitude?: number | undefined; slug?: string | undefined; ... 9 more ...; instagramUsername?: string | undefined; }, any, TFieldValues> | undefined' is not assignable to type 'Resolver<{ name: string; countryId: number; location: string; description: string; dateFounded: Date; latitude?: number | undefined; longitude?: number | undefined; slug?: string | undefined; ... 9 more ...; instagramUsername?: string | undefined; }, any, { ...; }> | undefined'.
web typecheck:       Type 'Resolver<{ name: string; countryId: number; location: string; description: string; dateFounded: Date; latitude?: number | undefined; longitude?: number | undefined; slug?: string | undefined; ... 9 more ...; instagramUsername?: string | undefined; }, any, TFieldValues>' is not assignable to type 'Resolver<{ name: string; countryId: number; location: string; description: string; dateFounded: Date; latitude?: number | undefined; longitude?: number | undefined; slug?: string | undefined; ... 9 more ...; instagramUsername?: string | undefined; }, any, { ...; }>'.
web typecheck:         Type 'ResolverResult<{ name: string; countryId: number; location: string; description: string; dateFounded: Date; latitude?: number | undefined; longitude?: number | undefined; slug?: string | undefined; ... 9 more ...; instagramUsername?: string | undefined; }, TFieldValues> | Promise<...>' is not assignable to type 'ResolverResult<{ name: string; countryId: number; location: string; description: string; dateFounded: Date; latitude?: number | undefined; longitude?: number | undefined; slug?: string | undefined; ... 9 more ...; instagramUsername?: string | undefined; }, { ...; }> | Promise<...>'.
web typecheck:           Type 'ResolverSuccess<TFieldValues>' is not assignable to type 'ResolverResult<{ name: string; countryId: number; location: string; description: string; dateFounded: Date; latitude?: number | undefined; longitude?: number | undefined; slug?: string | undefined; ... 9 more ...; instagramUsername?: string | undefined; }, { ...; }> | Promise<...>'.
web typecheck:             Type 'ResolverSuccess<TFieldValues>' is not assignable to type 'ResolverSuccess<{ name: string; countryId: number; location: string; description: string; dateFounded: Date; latitude?: number | undefined; longitude?: number | undefined; slug?: string | undefined; ... 9 more ...; instagramUsername?: string | undefined; }>'.
web typecheck:               Type 'TFieldValues' is not assignable to type '{ name: string; countryId: number; location: string; description: string; dateFounded: Date; latitude?: number | undefined; longitude?: number | undefined; slug?: string | undefined; ... 9 more ...; instagramUsername?: string | undefined; }'.
web typecheck:                 Type 'FieldValues' is missing the following properties from type '{ name: string; countryId: number; location: string; description: string; dateFounded: Date; latitude?: number | undefined; longitude?: number | undefined; slug?: string | undefined; ... 9 more ...; instagramUsername?: string | undefined; }': name, countryId, location, description, dateFounded
web typecheck: src/app/[locale]/dashboard/(platform)/admin/unclaimed-clubs/create/_components/create-unclaimed-club-form.tsx(40,13): error TS2304: Cannot find name 'Country'.
web typecheck: src/app/[locale]/dashboard/(platform)/admin/unclaimed-clubs/create/page.tsx(8,38): error TS2339: Property 'countries' does not exist on type 'Client<paths, `${string}/${string}`>'.
web typecheck: src/app/[locale]/dashboard/(platform)/admin/unclaimed-clubs/edit/page.tsx(37,34): error TS2339: Property 'hasOwner' does not exist on type '{ id: string; name: string; location: string | null; latitude: number | null; longitude: number | null; description: string | null; dateFounded: string | null; slug: string | null; ... 24 more ...; _count: { ...; }; }'.
web typecheck: src/app/[locale]/dashboard/(platform)/admin/users/_components/user-sheet.tsx(78,20): error TS2739: Type '{ id: string; name: string; email: string; slug: string | null; image: string | null; callsign: string | null; role: string | null; gear: unknown; banned: boolean | null; banExpires: string | null; createdAt: string; updatedAt: string; clubMembership: { ...; }[]; }' is missing the following properties from type '{ id?: string | undefined; name: string; email: string; readonly emailVerified: boolean; image?: string | undefined; createdAt: string; updatedAt: string; readonly twoFactorEnabled: boolean; ... 9 more ...; style?: string | undefined; }': emailVerified, twoFactorEnabled
web typecheck: src/app/[locale]/dashboard/(user)/events/_components/events-table.tsx(74,52): error TS2345: Argument of type 'string' is not assignable to parameter of type 'Date'.
web typecheck: src/app/[locale]/dashboard/(user)/events/page.tsx(27,57): error TS2339: Property 'sortBy' does not exist on type '{ events: { id: string; name: string; description: string; clubId: string; image: string | null; slug: string | null; dateStart: string; dateEnd: string; dateRegistrationsClose: string; dateRegistrationsOpen: string; ... 14 more ...; updatedAt: string; }[]; pagination: { ...; }; }'.
web typecheck: src/app/[locale]/dashboard/(user)/user/security/page.tsx(39,4): error TS2322: Type '{ isCurrentSession: boolean; ipAddress: string | null; userAgent: string | null; token: string; createdAt: Date; id: string; updatedAt: Date; userId: string; expiresAt: Date; }[]' is not assignable to type '(Omit<{ id?: string | undefined; expiresAt: string; token: string; createdAt: string; updatedAt: string; ipAddress?: string | undefined; userAgent?: string | undefined; userId: string; impersonatedBy?: string | undefined; }, "impersonatedBy"> & { ...; })[]'.
web typecheck:   Type '{ isCurrentSession: boolean; ipAddress: string | null; userAgent: string | null; token: string; createdAt: Date; id: string; updatedAt: Date; userId: string; expiresAt: Date; }' is not assignable to type 'Omit<{ id?: string | undefined; expiresAt: string; token: string; createdAt: string; updatedAt: string; ipAddress?: string | undefined; userAgent?: string | undefined; userId: string; impersonatedBy?: string | undefined; }, "impersonatedBy"> & { ...; }'.
web typecheck:     Type '{ isCurrentSession: boolean; ipAddress: string | null; userAgent: string | null; token: string; createdAt: Date; id: string; updatedAt: Date; userId: string; expiresAt: Date; }' is not assignable to type 'Omit<{ id?: string | undefined; expiresAt: string; token: string; createdAt: string; updatedAt: string; ipAddress?: string | undefined; userAgent?: string | undefined; userId: string; impersonatedBy?: string | undefined; }, "impersonatedBy">'.
web typecheck:       Types of property 'userAgent' are incompatible.
web typecheck:         Type 'string | null' is not assignable to type 'string | undefined'.
web typecheck:           Type 'null' is not assignable to type 'string | undefined'.
web typecheck: src/app/[locale]/dashboard/(user)/user/settings/page.tsx(24,23): error TS2719: Type '{ id: string; slug: string | null; name: string; bio: string | null; image: string | null; headerImage: string | null; location: string | null; website: string | null; callsign: string | null; ... 7 more ...; eventRegistration: { ...; }[]; }' is not assignable to type '{ id: string; slug: string | null; name: string; bio: string | null; image: string | null; headerImage: string | null; location: string | null; website: string | null; callsign: string | null; ... 7 more ...; eventRegistration: { ...; }[]; }'. Two different types with this name exist, but they are unrelated.
web typecheck:   Types of property 'clubMembership' are incompatible.
web typecheck:     Type '{ id: string; userId: string; clubId: string; role: "USER" | "MANAGER" | "CLUB_OWNER"; startDate: string | null; endDate: string | null; createdAt: string; updatedAt: string; club: { id: string; ... 33 more ...; reviews: { ...; }[]; } | null; }[]' is not assignable to type '{ id: string; userId: string; clubId: string; role: "USER" | "MANAGER" | "CLUB_OWNER"; startDate: string | null; endDate: string | null; createdAt: string; updatedAt: string; club: { id: string; name: string; slug: string | null; }; }[]'.
web typecheck:       Type '{ id: string; userId: string; clubId: string; role: "USER" | "MANAGER" | "CLUB_OWNER"; startDate: string | null; endDate: string | null; createdAt: string; updatedAt: string; club: { id: string; ... 33 more ...; reviews: { ...; }[]; } | null; }' is not assignable to type '{ id: string; userId: string; clubId: string; role: "USER" | "MANAGER" | "CLUB_OWNER"; startDate: string | null; endDate: string | null; createdAt: string; updatedAt: string; club: { id: string; name: string; slug: string | null; }; }'.
web typecheck:         Types of property 'club' are incompatible.
web typecheck:           Type '{ id: string; name: string; location: string | null; latitude: number | null; longitude: number | null; description: string | null; dateFounded: string | null; slug: string | null; ... 26 more ...; reviews: { ...; }[]; } | null' is not assignable to type '{ id: string; name: string; slug: string | null; }'.
web typecheck:             Type 'null' is not assignable to type '{ id: string; name: string; slug: string | null; }'.
web typecheck: src/app/[locale]/dashboard/layout.tsx(64,7): error TS2322: Type '{ id: string; name: string; events: { id: string; name: string; }[]; }[]' is not assignable to type '{ id: string; name: string; location: string | null; latitude: number | null; longitude: number | null; description: string | null; dateFounded: string | null; slug: string | null; ... 24 more ...; _count: { ...; }; }[]'.
web typecheck:   Type '{ id: string; name: string; events: { id: string; name: string; }[]; }' is missing the following properties from type '{ id: string; name: string; location: string | null; latitude: number | null; longitude: number | null; description: string | null; dateFounded: string | null; slug: string | null; ... 24 more ...; _count: { ...; }; }': location, latitude, longitude, description, and 27 more.
web typecheck: src/app/[locale]/dashboard/layout.tsx(69,19): error TS2322: Type '{ id: string; name: string; events: { id: string; name: string; }[]; }[]' is not assignable to type '{ id: string; name: string; location: string | null; latitude: number | null; longitude: number | null; description: string | null; dateFounded: string | null; slug: string | null; ... 24 more ...; _count: { ...; }; }[]'.
web typecheck:   Type '{ id: string; name: string; events: { id: string; name: string; }[]; }' is missing the following properties from type '{ id: string; name: string; location: string | null; latitude: number | null; longitude: number | null; description: string | null; dateFounded: string | null; slug: string | null; ... 24 more ...; _count: { ...; }; }': location, latitude, longitude, description, and 27 more.
web typecheck: src/app/[locale]/dashboard/page.tsx(167,14): error TS18047: 'registration.event' is possibly 'null'.
web typecheck: src/app/[locale]/dashboard/page.tsx(168,26): error TS18047: 'registration.event' is possibly 'null'.
web typecheck: src/app/[locale]/dashboard/page.tsx(168,53): error TS18047: 'registration.event' is possibly 'null'.
web typecheck: src/app/[locale]/dashboard/page.tsx(173,41): error TS18047: 'registration.event' is possibly 'null'.
web typecheck: src/app/[locale]/dashboard/page.tsx(175,22): error TS18047: 'registration.event' is possibly 'null'.
web typecheck: src/components/event-calendar.tsx(370,57): error TS2345: Argument of type '{ id: string; name: string; description: string; clubId: string; image: string | null; slug: string | null; dateStart: string; dateEnd: string; dateRegistrationsClose: string; dateRegistrationsOpen: string; ... 14 more ...; updatedAt: string; } & { ...; }' is not assignable to parameter of type '{ dateStart: Date; dateEnd: Date | null; dateRegistrationsOpen: Date; dateRegistrationsClose: Date; id: string; name: string; description: string; clubId: string; ... 17 more ...; club: { name: string; verified: boolean; }; }'.
web typecheck:   Types of property 'dateStart' are incompatible.
web typecheck:     Type 'string' is not assignable to type 'Date'.
web typecheck: src/components/event-calendar.tsx(372,73): error TS2345: Argument of type '({ id: string; name: string; description: string; clubId: string; image: string | null; slug: string | null; dateStart: string; dateEnd: string; dateRegistrationsClose: string; dateRegistrationsOpen: string; ... 14 more ...; updatedAt: string; } & { ...; })[]' is not assignable to parameter of type '{ dateStart: Date; dateEnd: Date | null; dateRegistrationsOpen: Date; dateRegistrationsClose: Date; id: string; name: string; description: string; clubId: string; ... 17 more ...; club: { ...; }; }[]'.
web typecheck:   Type '{ id: string; name: string; description: string; clubId: string; image: string | null; slug: string | null; dateStart: string; dateEnd: string; dateRegistrationsClose: string; dateRegistrationsOpen: string; ... 14 more ...; updatedAt: string; } & { ...; }' is not assignable to type '{ dateStart: Date; dateEnd: Date | null; dateRegistrationsOpen: Date; dateRegistrationsClose: Date; id: string; name: string; description: string; clubId: string; ... 17 more ...; club: { name: string; verified: boolean; }; }'.
web typecheck:     Types of property 'dateStart' are incompatible.
web typecheck:       Type 'string' is not assignable to type 'Date'.
web typecheck: src/components/event-calendar.tsx(434,43): error TS2345: Argument of type '{ dateStart: Date; dateEnd: Date | null; dateRegistrationsOpen: Date; dateRegistrationsClose: Date; id: string; name: string; description: string; clubId: string; ... 17 more ...; club: { name: string; verified: boolean; }; }' is not assignable to parameter of type '{ id: string; name: string; description: string; clubId: string; image: string | null; slug: string | null; dateStart: string; dateEnd: string; dateRegistrationsClose: string; dateRegistrationsOpen: string; ... 14 more ...; updatedAt: string; }'.
web typecheck:   Types of property 'dateStart' are incompatible.
web typecheck:     Type 'Date' is not assignable to type 'string'.
web typecheck: src/components/event-calendar.tsx(551,35): error TS2345: Argument of type '{ dateStart: Date; dateEnd: Date | null; dateRegistrationsOpen: Date; dateRegistrationsClose: Date; id: string; name: string; description: string; clubId: string; ... 17 more ...; club: { name: string; verified: boolean; }; }' is not assignable to parameter of type '{ id: string; name: string; description: string; clubId: string; image: string | null; slug: string | null; dateStart: string; dateEnd: string; dateRegistrationsClose: string; dateRegistrationsOpen: string; ... 14 more ...; updatedAt: string; }'.
web typecheck:   Types of property 'dateStart' are incompatible.
web typecheck:     Type 'Date' is not assignable to type 'string'.
web typecheck: src/components/overviews/club-instagram.tsx(7,37): error TS2307: Cannot find module '@/lib/instagram' or its corresponding type declarations.
web typecheck: src/components/overviews/reviews/reviews-overview.tsx(93,9): error TS2322: Type '{ id: string; type: "USER" | "CLUB" | "EVENT"; rating: number; content: string; authorId: string; userId: string | null; clubId: string | null; eventId: string | null; createdAt: string; updatedAt: string; }[]' is not assignable to type 'Review[]'.
web typecheck:   Type '{ id: string; type: "USER" | "CLUB" | "EVENT"; rating: number; content: string; authorId: string; userId: string | null; clubId: string | null; eventId: string | null; createdAt: string; updatedAt: string; }' is not assignable to type 'Review'.
web typecheck:     Property 'author' is missing in type '{ id: string; type: "USER" | "CLUB" | "EVENT"; rating: number; content: string; authorId: string; userId: string | null; clubId: string | null; eventId: string | null; createdAt: string; updatedAt: string; }' but required in type '{ author: { id: string; name: string; image: string | null; }; }'.
web typecheck: src/lib/storage.ts(14,76): error TS2307: Cannot find module '@/lib/storage-quota' or its corresponding type declarations.
web typecheck: Exited with code 2
